[    0.000000] microcode: microcode updated early to revision 0xb4, date = 2019-04-01
[    0.000000] Linux version 5.0.0-20-generic (buildd@lgw01-amd64-034) (gcc version 8.3.0 (Ubuntu 8.3.0-6ubuntu1)) #21-Ubuntu SMP Mon Jun 24 09:32:09 UTC 2019 (Ubuntu 5.0.0-20.21-generic 5.0.8)
[    0.000000] Command line: BOOT_IMAGE=/vmlinuz-5.0.0-20-generic root=UUID=68c519ab-d224-4b0e-8ae9-416a8d20d16b ro iomem=relaxed quiet splash vt.handoff=1
[    0.000000] KERNEL supported cpus:
[    0.000000]   Intel GenuineIntel
[    0.000000]   AMD AuthenticAMD
[    0.000000]   Hygon HygonGenuine
[    0.000000]   Centaur CentaurHauls
[    0.000000] x86/fpu: Supporting XSAVE feature 0x001: 'x87 floating point registers'
[    0.000000] x86/fpu: Supporting XSAVE feature 0x002: 'SSE registers'
[    0.000000] x86/fpu: Supporting XSAVE feature 0x004: 'AVX registers'
[    0.000000] x86/fpu: Supporting XSAVE feature 0x008: 'MPX bounds registers'
[    0.000000] x86/fpu: Supporting XSAVE feature 0x010: 'MPX CSR'
[    0.000000] x86/fpu: xstate_offset[2]:  576, xstate_sizes[2]:  256
[    0.000000] x86/fpu: xstate_offset[3]:  832, xstate_sizes[3]:   64
[    0.000000] x86/fpu: xstate_offset[4]:  896, xstate_sizes[4]:   64
[    0.000000] x86/fpu: Enabled xstate features 0x1f, context size is 960 bytes, using 'compacted' format.
[    0.000000] BIOS-provided physical RAM map:
[    0.000000] BIOS-e820: [mem 0x0000000000000000-0x0000000000057fff] usable
[    0.000000] BIOS-e820: [mem 0x0000000000058000-0x0000000000058fff] reserved
[    0.000000] BIOS-e820: [mem 0x0000000000059000-0x000000000009dfff] usable
[    0.000000] BIOS-e820: [mem 0x000000000009e000-0x00000000000fffff] reserved
[    0.000000] BIOS-e820: [mem 0x0000000000100000-0x000000006ebe9fff] usable
[    0.000000] BIOS-e820: [mem 0x000000006ebea000-0x000000006ebeafff] ACPI NVS
[    0.000000] BIOS-e820: [mem 0x000000006ebeb000-0x000000006ebebfff] reserved
[    0.000000] BIOS-e820: [mem 0x000000006ebec000-0x000000007a6f0fff] usable
[    0.000000] BIOS-e820: [mem 0x000000007a6f1000-0x000000007aa2ffff] reserved
[    0.000000] BIOS-e820: [mem 0x000000007aa30000-0x000000007aa9bfff] ACPI data
[    0.000000] BIOS-e820: [mem 0x000000007aa9c000-0x000000007ae95fff] ACPI NVS
[    0.000000] BIOS-e820: [mem 0x000000007ae96000-0x000000007b29efff] reserved
[    0.000000] BIOS-e820: [mem 0x000000007b29f000-0x000000007b2fefff] type 20
[    0.000000] BIOS-e820: [mem 0x000000007b2ff000-0x000000007b2fffff] usable
[    0.000000] BIOS-e820: [mem 0x000000007b300000-0x000000007fffffff] reserved
[    0.000000] BIOS-e820: [mem 0x00000000e0000000-0x00000000efffffff] reserved
[    0.000000] BIOS-e820: [mem 0x00000000fe000000-0x00000000fe010fff] reserved
[    0.000000] BIOS-e820: [mem 0x00000000fec00000-0x00000000fec00fff] reserved
[    0.000000] BIOS-e820: [mem 0x00000000fee00000-0x00000000fee00fff] reserved
[    0.000000] BIOS-e820: [mem 0x00000000ff000000-0x00000000ffffffff] reserved
[    0.000000] BIOS-e820: [mem 0x0000000100000000-0x000000047effffff] usable
[    0.000000] NX (Execute Disable) protection: active
[    0.000000] efi: EFI v2.50 by American Megatrends
[    0.000000] efi:  ESRT=0x7b226f18  ACPI=0x7aa45000  ACPI 2.0=0x7aa45000  SMBIOS=0x7b210000  SMBIOS 3.0=0x7b20f000 
[    0.000000] secureboot: Secure boot could not be determined (mode 0)
[    0.000000] SMBIOS 3.0.0 present.
[    0.000000] DMI: Razer Blade Stealth/Razer, BIOS 8.02 02/22/2018
[    0.000000] tsc: Detected 2900.000 MHz processor
[    0.001955] tsc: Detected 2904.000 MHz TSC
[    0.001955] e820: update [mem 0x00000000-0x00000fff] usable ==> reserved
[    0.001957] e820: remove [mem 0x000a0000-0x000fffff] usable
[    0.001963] last_pfn = 0x47f000 max_arch_pfn = 0x400000000
[    0.002000] MTRR default type: write-back
[    0.002001] MTRR fixed ranges enabled:
[    0.002002]   00000-9FFFF write-back
[    0.002003]   A0000-BFFFF uncachable
[    0.002004]   C0000-FFFFF write-protect
[    0.002004] MTRR variable ranges enabled:
[    0.002005]   0 base 0080000000 mask 7F80000000 uncachable
[    0.002006]   1 base 007C000000 mask 7FFC000000 uncachable
[    0.002007]   2 base 007B800000 mask 7FFF800000 uncachable
[    0.002007]   3 disabled
[    0.002008]   4 disabled
[    0.002008]   5 disabled
[    0.002009]   6 disabled
[    0.002009]   7 disabled
[    0.002010]   8 disabled
[    0.002010]   9 disabled
[    0.003351] x86/PAT: Configuration [0-7]: WB  WC  UC- UC  WB  WP  UC- WT  
[    0.003645] last_pfn = 0x7b300 max_arch_pfn = 0x400000000
[    0.011949] esrt: Reserving ESRT space from 0x000000007b226f18 to 0x000000007b226f50.
[    0.011956] check: Scanning 1 areas for low memory corruption
[    0.011959] Base memory trampoline at [(____ptrval____)] 98000 size 24576
[    0.011962] Using GB pages for direct mapping
[    0.011964] BRK [0x465601000, 0x465601fff] PGTABLE
[    0.011966] BRK [0x465602000, 0x465602fff] PGTABLE
[    0.011967] BRK [0x465603000, 0x465603fff] PGTABLE
[    0.012014] BRK [0x465604000, 0x465604fff] PGTABLE
[    0.012016] BRK [0x465605000, 0x465605fff] PGTABLE
[    0.012150] BRK [0x465606000, 0x465606fff] PGTABLE
[    0.012184] BRK [0x465607000, 0x465607fff] PGTABLE
[    0.012269] BRK [0x465608000, 0x465608fff] PGTABLE
[    0.012314] BRK [0x465609000, 0x465609fff] PGTABLE
[    0.012396] RAMDISK: [mem 0x304d1000-0x3425ffff]
[    0.012410] ACPI: Early table checksum verification disabled
[    0.012414] ACPI: RSDP 0x000000007AA45000 000024 (v02 ALASKA)
[    0.012417] ACPI: XSDT 0x000000007AA450B0 0000E4 (v01 ALASKA A M I    01072009 AMI  00010013)
[    0.012422] ACPI: FACP 0x000000007AA6B890 000114 (v06 ALASKA A M I    01072009 AMI  00010013)
[    0.012427] ACPI: DSDT 0x000000007AA45228 026665 (v02 ALASKA A M I    01072009 INTL 20160422)
[    0.012430] ACPI: FACS 0x000000007AE7DC40 000040
[    0.012432] ACPI: APIC 0x000000007AA6B9A8 000084 (v03 ALASKA A M I    01072009 AMI  00010013)
[    0.012434] ACPI: FPDT 0x000000007AA6BA30 000044 (v01 ALASKA A M I    01072009 AMI  00010013)
[    0.012437] ACPI: MCFG 0x000000007AA6BA78 00003C (v01 ALASKA A M I    01072009 MSFT 00000097)
[    0.012439] ACPI: FIDT 0x000000007AA6BAB8 00009C (v01 ALASKA A M I    01072009 AMI  00010013)
[    0.012441] ACPI: MSDM 0x000000007AA6BB58 000055 (v03 ALASKA A M I    01072009 AMI  00010013)
[    0.012444] ACPI: SSDT 0x000000007AA6BBB0 003154 (v02 SaSsdt SaSsdt   00003000 INTL 20160422)
[    0.012446] ACPI: HPET 0x000000007AA6ED08 000038 (v01 INTEL  KBL-ULT  00000001 MSFT 0000005F)
[    0.012448] ACPI: SSDT 0x000000007AA6ED40 000E3B (v02 INTEL  Ther_Rvp 00001000 INTL 20160422)
[    0.012451] ACPI: SSDT 0x000000007AA6FB80 0006BB (v02 INTEL  xh_OEMBD 00000000 INTL 20160422)
[    0.012453] ACPI: UEFI 0x000000007AA70240 000042 (v01 INTEL  EDK2     00000002      01000013)
[    0.012456] ACPI: SSDT 0x000000007AA70288 000EDE (v02 CpuRef CpuSsdt  00003000 INTL 20160422)
[    0.012458] ACPI: LPIT 0x000000007AA71168 000094 (v01 INTEL  KBL-ULT  00000000 MSFT 0000005F)
[    0.012460] ACPI: WSMT 0x000000007AA71200 000028 (v01 INTEL  KBL-ULT  00000000 MSFT 0000005F)
[    0.012462] ACPI: SSDT 0x000000007AA71228 00029F (v02 INTEL  sensrhub 00000000 INTL 20160422)
[    0.012465] ACPI: SSDT 0x000000007AA714C8 003002 (v02 INTEL  PtidDevc 00001000 INTL 20160422)
[    0.012467] ACPI: DBGP 0x000000007AA744D0 000034 (v01 INTEL           00000002 MSFT 0000005F)
[    0.012469] ACPI: DBG2 0x000000007AA74508 000054 (v00 INTEL           00000002 MSFT 0000005F)
[    0.012471] ACPI: BGRT 0x000000007AA74560 000038 (v01 ALASKA A M I    01072009 AMI  00010013)
[    0.012474] ACPI: DMAR 0x000000007AA74598 000114 (v01 INTEL  KBL      00000001 INTL 00000001)
[    0.012476] ACPI: SSDT 0x000000007AA746B0 00054D (v01 TbtGfx TbtGfx   00001000 INTL 20160422)
[    0.012478] ACPI: TPM2 0x000000007AA74C00 000034 (v03        Tpm2Tabl 00000001 AMI  00000000)
[    0.012481] ACPI: ASF! 0x000000007AA74C38 0000A0 (v32 INTEL   HCG     00000001 TFSM 000F4240)
[    0.012488] ACPI: Local APIC address 0xfee00000
[    0.012709] No NUMA configuration found
[    0.012710] Faking a node at [mem 0x0000000000000000-0x000000047effffff]
[    0.012719] NODE_DATA(0) allocated [mem 0x47efd5000-0x47effffff]
[    0.012894] Zone ranges:
[    0.012894]   DMA      [mem 0x0000000000001000-0x0000000000ffffff]
[    0.012896]   DMA32    [mem 0x0000000001000000-0x00000000ffffffff]
[    0.012897]   Normal   [mem 0x0000000100000000-0x000000047effffff]
[    0.012898]   Device   empty
[    0.012899] Movable zone start for each node
[    0.012902] Early memory node ranges
[    0.012902]   node   0: [mem 0x0000000000001000-0x0000000000057fff]
[    0.012903]   node   0: [mem 0x0000000000059000-0x000000000009dfff]
[    0.012903]   node   0: [mem 0x0000000000100000-0x000000006ebe9fff]
[    0.012904]   node   0: [mem 0x000000006ebec000-0x000000007a6f0fff]
[    0.012905]   node   0: [mem 0x000000007b2ff000-0x000000007b2fffff]
[    0.012905]   node   0: [mem 0x0000000100000000-0x000000047effffff]
[    0.013257] Zeroed struct page in unavailable ranges: 22900 pages
[    0.013258] Initmem setup node 0 [mem 0x0000000000001000-0x000000047effffff]
[    0.013259] On node 0 totalpages: 4167308
[    0.013260]   DMA zone: 64 pages used for memmap
[    0.013261]   DMA zone: 22 pages reserved
[    0.013261]   DMA zone: 3996 pages, LIFO batch:0
[    0.013366]   DMA32 zone: 7772 pages used for memmap
[    0.013366]   DMA32 zone: 497392 pages, LIFO batch:63
[    0.027475]   Normal zone: 57280 pages used for memmap
[    0.027476]   Normal zone: 3665920 pages, LIFO batch:63
[    0.115621] Reserving Intel graphics memory at [mem 0x7c000000-0x7fffffff]
[    0.116269] ACPI: PM-Timer IO Port: 0x1808
[    0.116270] ACPI: Local APIC address 0xfee00000
[    0.116277] ACPI: LAPIC_NMI (acpi_id[0x01] high edge lint[0x1])
[    0.116278] ACPI: LAPIC_NMI (acpi_id[0x02] high edge lint[0x1])
[    0.116278] ACPI: LAPIC_NMI (acpi_id[0x03] high edge lint[0x1])
[    0.116279] ACPI: LAPIC_NMI (acpi_id[0x04] high edge lint[0x1])
[    0.116310] IOAPIC[0]: apic_id 2, version 32, address 0xfec00000, GSI 0-119
[    0.116312] ACPI: INT_SRC_OVR (bus 0 bus_irq 0 global_irq 2 dfl dfl)
[    0.116313] ACPI: INT_SRC_OVR (bus 0 bus_irq 9 global_irq 9 high level)
[    0.116314] ACPI: IRQ0 used by override.
[    0.116315] ACPI: IRQ9 used by override.
[    0.116317] Using ACPI (MADT) for SMP configuration information
[    0.116319] ACPI: HPET id: 0x8086a201 base: 0xfed00000
[    0.116327] smpboot: Allowing 4 CPUs, 0 hotplug CPUs
[    0.116343] PM: Registered nosave memory: [mem 0x00000000-0x00000fff]
[    0.116345] PM: Registered nosave memory: [mem 0x00058000-0x00058fff]
[    0.116346] PM: Registered nosave memory: [mem 0x0009e000-0x000fffff]
[    0.116347] PM: Registered nosave memory: [mem 0x6ebea000-0x6ebeafff]
[    0.116348] PM: Registered nosave memory: [mem 0x6ebeb000-0x6ebebfff]
[    0.116349] PM: Registered nosave memory: [mem 0x7a6f1000-0x7aa2ffff]
[    0.116349] PM: Registered nosave memory: [mem 0x7aa30000-0x7aa9bfff]
[    0.116350] PM: Registered nosave memory: [mem 0x7aa9c000-0x7ae95fff]
[    0.116350] PM: Registered nosave memory: [mem 0x7ae96000-0x7b29efff]
[    0.116351] PM: Registered nosave memory: [mem 0x7b29f000-0x7b2fefff]
[    0.116352] PM: Registered nosave memory: [mem 0x7b300000-0x7fffffff]
[    0.116352] PM: Registered nosave memory: [mem 0x80000000-0xdfffffff]
[    0.116353] PM: Registered nosave memory: [mem 0xe0000000-0xefffffff]
[    0.116353] PM: Registered nosave memory: [mem 0xf0000000-0xfdffffff]
[    0.116354] PM: Registered nosave memory: [mem 0xfe000000-0xfe010fff]
[    0.116354] PM: Registered nosave memory: [mem 0xfe011000-0xfebfffff]
[    0.116355] PM: Registered nosave memory: [mem 0xfec00000-0xfec00fff]
[    0.116355] PM: Registered nosave memory: [mem 0xfec01000-0xfedfffff]
[    0.116356] PM: Registered nosave memory: [mem 0xfee00000-0xfee00fff]
[    0.116356] PM: Registered nosave memory: [mem 0xfee01000-0xfeffffff]
[    0.116357] PM: Registered nosave memory: [mem 0xff000000-0xffffffff]
[    0.116371] [mem 0x80000000-0xdfffffff] available for PCI devices
[    0.116372] Booting paravirtualized kernel on bare hardware
[    0.116376] clocksource: refined-jiffies: mask: 0xffffffff max_cycles: 0xffffffff, max_idle_ns: 7645519600211568 ns
[    0.116387] random: get_random_bytes called from start_kernel+0x97/0x516 with crng_init=0
[    0.116392] setup_percpu: NR_CPUS:8192 nr_cpumask_bits:4 nr_cpu_ids:4 nr_node_ids:1
[    0.116594] percpu: Embedded 46 pages/cpu @(____ptrval____) s151552 r8192 d28672 u524288
[    0.116599] pcpu-alloc: s151552 r8192 d28672 u524288 alloc=1*2097152
[    0.116600] pcpu-alloc: [0] 0 1 2 3 
[    0.116639] Built 1 zonelists, mobility grouping on.  Total pages: 4102170
[    0.116640] Policy zone: Normal
[    0.116641] Kernel command line: BOOT_IMAGE=/vmlinuz-5.0.0-20-generic root=UUID=68c519ab-d224-4b0e-8ae9-416a8d20d16b ro iomem=relaxed quiet splash vt.handoff=1
[    0.122239] Calgary: detecting Calgary via BIOS EBDA area
[    0.122241] Calgary: Unable to locate Rio Grande table in EBDA - bailing!
[    0.176491] Memory: 16037900K/16669232K available (14339K kernel code, 2335K rwdata, 4292K rodata, 2576K init, 5204K bss, 631332K reserved, 0K cma-reserved)
[    0.176611] SLUB: HWalign=64, Order=0-3, MinObjects=0, CPUs=4, Nodes=1
[    0.176624] Kernel/User page tables isolation: enabled
[    0.176640] ftrace: allocating 41550 entries in 163 pages
[    0.194815] rcu: Hierarchical RCU implementation.
[    0.194816] rcu: 	RCU restricting CPUs from NR_CPUS=8192 to nr_cpu_ids=4.
[    0.194817] 	Tasks RCU enabled.
[    0.194818] rcu: RCU calculated value of scheduler-enlistment delay is 25 jiffies.
[    0.194818] rcu: Adjusting geometry for rcu_fanout_leaf=16, nr_cpu_ids=4
[    0.197562] NR_IRQS: 524544, nr_irqs: 1024, preallocated irqs: 16
[    0.197932] vt handoff: transparent VT on vt#1
[    0.197946] Console: colour dummy device 80x25
[    0.197958] printk: console [tty0] enabled
[    0.197974] ACPI: Core revision 20181213
[    0.198319] clocksource: hpet: mask: 0xffffffff max_cycles: 0xffffffff, max_idle_ns: 79635855245 ns
[    0.198366] hpet clockevent registered
[    0.198413] APIC: Switch to symmetric I/O mode setup
[    0.198415] DMAR: Host address width 39
[    0.198416] DMAR: DRHD base: 0x000000fed90000 flags: 0x0
[    0.198423] DMAR: dmar0: reg_base_addr fed90000 ver 1:0 cap 1c0000c40660462 ecap 19e2ff0505e
[    0.198424] DMAR: DRHD base: 0x000000fed91000 flags: 0x1
[    0.198427] DMAR: dmar1: reg_base_addr fed91000 ver 1:0 cap d2008c40660462 ecap f050da
[    0.198428] DMAR: RMRR base: 0x0000007a9b0000 end: 0x0000007a9cffff
[    0.198429] DMAR: RMRR base: 0x0000007b800000 end: 0x0000007fffffff
[    0.198430] DMAR: ANDD device: 1 name: \_SB.PCI0.I2C0
[    0.198431] DMAR: ANDD device: 2 name: \_SB.PCI0.I2C1
[    0.198431] DMAR: ANDD device: 9 name: \_SB.PCI0.UA00
[    0.198433] DMAR-IR: IOAPIC id 2 under DRHD base  0xfed91000 IOMMU 1
[    0.198434] DMAR-IR: HPET id 0 under DRHD base 0xfed91000
[    0.198434] DMAR-IR: Queued invalidation will be enabled to support x2apic and Intr-remapping.
[    0.200202] DMAR-IR: Enabled IRQ remapping in x2apic mode
[    0.200203] x2apic enabled
[    0.200218] Switched APIC routing to cluster x2apic.
[    0.204365] ..TIMER: vector=0x30 apic1=0 pin1=2 apic2=-1 pin2=-1
[    0.222381] clocksource: tsc-early: mask: 0xffffffffffffffff max_cycles: 0x29dc05e54fc, max_idle_ns: 440795291716 ns
[    0.222394] Calibrating delay loop (skipped), value calculated using timer frequency.. 5808.00 BogoMIPS (lpj=11616000)
[    0.222396] pid_max: default: 32768 minimum: 301
[    0.228811] LSM: Security Framework initializing
[    0.228820] Yama: becoming mindful.
[    0.228837] AppArmor: AppArmor initialized
[    0.231779] Dentry cache hash table entries: 2097152 (order: 12, 16777216 bytes)
[    0.233261] Inode-cache hash table entries: 1048576 (order: 11, 8388608 bytes)
[    0.233332] Mount-cache hash table entries: 32768 (order: 6, 262144 bytes)
[    0.233369] Mountpoint-cache hash table entries: 32768 (order: 6, 262144 bytes)
[    0.233609] ENERGY_PERF_BIAS: Set to 'normal', was 'performance'
[    0.233610] ENERGY_PERF_BIAS: View and update with x86_energy_perf_policy(8)
[    0.233616] mce: CPU supports 8 MCE banks
[    0.233626] mce: CPU0: Thermal monitoring enabled (TM1)
[    0.233641] process: using mwait in idle threads
[    0.233643] Last level iTLB entries: 4KB 64, 2MB 8, 4MB 8
[    0.233644] Last level dTLB entries: 4KB 64, 2MB 0, 4MB 0, 1GB 4
[    0.233645] Spectre V2 : Mitigation: Full generic retpoline
[    0.233646] Spectre V2 : Spectre v2 / SpectreRSB mitigation: Filling RSB on context switch
[    0.233646] Spectre V2 : Enabling Restricted Speculation for firmware calls
[    0.233652] Spectre V2 : mitigation: Enabling conditional Indirect Branch Prediction Barrier
[    0.233653] Spectre V2 : User space: Mitigation: STIBP via seccomp and prctl
[    0.233653] Speculative Store Bypass: Mitigation: Speculative Store Bypass disabled via prctl and seccomp
[    0.233687] MDS: Mitigation: Clear CPU buffers
[    0.233974] Freeing SMP alternatives memory: 36K
[    0.236434] TSC deadline timer enabled
[    0.236439] smpboot: CPU0: Intel(R) Core(TM) i7-7500U CPU @ 2.70GHz (family: 0x6, model: 0x8e, stepping: 0x9)
[    0.236519] Performance Events: PEBS fmt3+, Skylake events, 32-deep LBR, full-width counters, Intel PMU driver.
[    0.236558] ... version:                4
[    0.236558] ... bit width:              48
[    0.236558] ... generic registers:      4
[    0.236559] ... value mask:             0000ffffffffffff
[    0.236560] ... max period:             00007fffffffffff
[    0.236560] ... fixed-purpose events:   3
[    0.236560] ... event mask:             000000070000000f
[    0.236597] rcu: Hierarchical SRCU implementation.
[    0.237278] random: crng done (trusting CPU's manufacturer)
[    0.237573] NMI watchdog: Enabled. Permanently consumes one hw-PMU counter.
[    0.237629] smp: Bringing up secondary CPUs ...
[    0.237697] x86: Booting SMP configuration:
[    0.237698] .... node  #0, CPUs:      #1 #2
[    0.238983] MDS CPU bug present and SMT on, data leak possible. See https://www.kernel.org/doc/html/latest/admin-guide/hw-vuln/mds.html for more details.
[    0.238983]  #3
[    0.239025] smp: Brought up 1 node, 4 CPUs
[    0.239025] smpboot: Max logical packages: 1
[    0.239025] smpboot: Total of 4 processors activated (23232.00 BogoMIPS)
[    0.242925] devtmpfs: initialized
[    0.242925] x86/mm: Memory block size: 128MB
[    0.243507] PM: Registering ACPI NVS region [mem 0x6ebea000-0x6ebeafff] (4096 bytes)
[    0.243507] PM: Registering ACPI NVS region [mem 0x7aa9c000-0x7ae95fff] (4169728 bytes)
[    0.243507] clocksource: jiffies: mask: 0xffffffff max_cycles: 0xffffffff, max_idle_ns: 7645041785100000 ns
[    0.243507] futex hash table entries: 1024 (order: 4, 65536 bytes)
[    0.243507] pinctrl core: initialized pinctrl subsystem
[    0.243507] RTC time: 11:11:51, date: 2019-07-12
[    0.243507] NET: Registered protocol family 16
[    0.243507] audit: initializing netlink subsys (disabled)
[    0.243507] audit: type=2000 audit(1562929911.048:1): state=initialized audit_enabled=0 res=1
[    0.243507] EISA bus registered
[    0.243507] cpuidle: using governor ladder
[    0.243507] cpuidle: using governor menu
[    0.243507] ACPI FADT declares the system doesn't support PCIe ASPM, so disable it
[    0.243507] ACPI: bus type PCI registered
[    0.243507] acpiphp: ACPI Hot Plug PCI Controller Driver version: 0.5
[    0.243507] PCI: MMCONFIG for domain 0000 [bus 00-ff] at [mem 0xe0000000-0xefffffff] (base 0xe0000000)
[    0.243507] PCI: MMCONFIG at [mem 0xe0000000-0xefffffff] reserved in E820
[    0.243507] PCI: Using configuration type 1 for base access
[    0.243576] HugeTLB registered 1.00 GiB page size, pre-allocated 0 pages
[    0.243576] HugeTLB registered 2.00 MiB page size, pre-allocated 0 pages
[    0.246449] ACPI: Added _OSI(Module Device)
[    0.246450] ACPI: Added _OSI(Processor Device)
[    0.246451] ACPI: Added _OSI(3.0 _SCP Extensions)
[    0.246451] ACPI: Added _OSI(Processor Aggregator Device)
[    0.246452] ACPI: Added _OSI(Linux-Dell-Video)
[    0.246453] ACPI: Added _OSI(Linux-Lenovo-NV-HDMI-Audio)
[    0.246454] ACPI: Added _OSI(Linux-HPI-Hybrid-Graphics)
[    0.284369] ACPI: 8 ACPI AML tables successfully acquired and loaded
[    0.287632] ACPI: [Firmware Bug]: BIOS _OSI(Linux) query ignored
[    0.294133] ACPI: Dynamic OEM Table Load:
[    0.294139] ACPI: SSDT 0xFFFF90A7EC006800 0006F6 (v02 PmRef  Cpu0Ist  00003000 INTL 20160422)
[    0.294753] ACPI: \_PR_.CPU0: _OSC native thermal LVT Acked
[    0.296294] ACPI: Dynamic OEM Table Load:
[    0.296298] ACPI: SSDT 0xFFFF90A7EC159000 0003FF (v02 PmRef  Cpu0Cst  00003001 INTL 20160422)
[    0.297139] ACPI: Dynamic OEM Table Load:
[    0.297144] ACPI: SSDT 0xFFFF90A7EC005000 00065C (v02 PmRef  ApIst    00003000 INTL 20160422)
[    0.297993] ACPI: Dynamic OEM Table Load:
[    0.297997] ACPI: SSDT 0xFFFF90A7EC2B3600 00018A (v02 PmRef  ApCst    00003000 INTL 20160422)
[    0.300315] ACPI: EC: EC started
[    0.300316] ACPI: EC: interrupt blocked
[    0.300354] ACPI: \_SB_.PCI0.LPCB.EC0_: Used as first EC
[    0.300355] ACPI: \_SB_.PCI0.LPCB.EC0_: GPE=0x50, EC_CMD/EC_SC=0x66, EC_DATA=0x62
[    0.300356] ACPI: \_SB_.PCI0.LPCB.EC0_: Used as boot DSDT EC to handle transactions
[    0.300357] ACPI: Interpreter enabled
[    0.300398] ACPI: (supports S0 S3 S4 S5)
[    0.300398] ACPI: Using IOAPIC for interrupt routing
[    0.300438] PCI: Using host bridge windows from ACPI; if necessary, use "pci=nocrs" and report a bug
[    0.301561] ACPI: Enabled 7 GPEs in block 00 to 7F
[    0.306000] ACPI: Power Resource [WRST] (on)
[    0.306409] ACPI: Power Resource [WRST] (on)
[    0.306816] ACPI: Power Resource [WRST] (on)
[    0.307223] ACPI: Power Resource [WRST] (on)
[    0.307626] ACPI: Power Resource [WRST] (on)
[    0.308028] ACPI: Power Resource [WRST] (on)
[    0.308430] ACPI: Power Resource [WRST] (on)
[    0.308932] ACPI: Power Resource [WRST] (on)
[    0.309342] ACPI: Power Resource [WRST] (on)
[    0.309749] ACPI: Power Resource [WRST] (on)
[    0.310149] ACPI: Power Resource [WRST] (on)
[    0.310564] ACPI: Power Resource [WRST] (on)
[    0.310973] ACPI: Power Resource [WRST] (on)
[    0.311376] ACPI: Power Resource [WRST] (on)
[    0.311775] ACPI: Power Resource [WRST] (on)
[    0.312173] ACPI: Power Resource [WRST] (on)
[    0.312570] ACPI: Power Resource [WRST] (on)
[    0.314106] ACPI: Power Resource [WRST] (on)
[    0.314517] ACPI: Power Resource [WRST] (on)
[    0.314918] ACPI: Power Resource [WRST] (on)
[    0.327788] ACPI: Power Resource [FN00] (off)
[    0.327893] ACPI: Power Resource [FN01] (off)
[    0.328005] ACPI: Power Resource [FN02] (off)
[    0.328110] ACPI: Power Resource [FN03] (off)
[    0.328213] ACPI: Power Resource [FN04] (off)
[    0.329515] ACPI: PCI Root Bridge [PCI0] (domain 0000 [bus 00-fe])
[    0.329520] acpi PNP0A08:00: _OSC: OS supports [ExtendedConfig ASPM ClockPM Segments MSI]
[    0.329563] acpi PNP0A08:00: _OSC failed (AE_ERROR); disabling ASPM
[    0.330491] PCI host bridge to bus 0000:00
[    0.330492] pci_bus 0000:00: root bus resource [io  0x0000-0x0cf7 window]
[    0.330493] pci_bus 0000:00: root bus resource [io  0x0d00-0xffff window]
[    0.330494] pci_bus 0000:00: root bus resource [mem 0x000a0000-0x000bffff window]
[    0.330495] pci_bus 0000:00: root bus resource [mem 0x000c0000-0x000c3fff window]
[    0.330496] pci_bus 0000:00: root bus resource [mem 0x000c4000-0x000c7fff window]
[    0.330497] pci_bus 0000:00: root bus resource [mem 0x000c8000-0x000cbfff window]
[    0.330498] pci_bus 0000:00: root bus resource [mem 0x000cc000-0x000cffff window]
[    0.330498] pci_bus 0000:00: root bus resource [mem 0x000d0000-0x000d3fff window]
[    0.330499] pci_bus 0000:00: root bus resource [mem 0x000d4000-0x000d7fff window]
[    0.330500] pci_bus 0000:00: root bus resource [mem 0x000d8000-0x000dbfff window]
[    0.330501] pci_bus 0000:00: root bus resource [mem 0x000dc000-0x000dffff window]
[    0.330502] pci_bus 0000:00: root bus resource [mem 0x000e0000-0x000e3fff window]
[    0.330503] pci_bus 0000:00: root bus resource [mem 0x000e4000-0x000e7fff window]
[    0.330503] pci_bus 0000:00: root bus resource [mem 0x000e8000-0x000ebfff window]
[    0.330504] pci_bus 0000:00: root bus resource [mem 0x000ec000-0x000effff window]
[    0.330505] pci_bus 0000:00: root bus resource [mem 0x80000000-0xdfffffff window]
[    0.330506] pci_bus 0000:00: root bus resource [mem 0xfd000000-0xfe7fffff window]
[    0.330509] pci_bus 0000:00: root bus resource [bus 00-fe]
[    0.330534] pci 0000:00:00.0: [8086:5904] type 00 class 0x060000
[    0.330941] pci 0000:00:02.0: [8086:5916] type 00 class 0x030000
[    0.330953] pci 0000:00:02.0: reg 0x10: [mem 0xdb000000-0xdbffffff 64bit]
[    0.330959] pci 0000:00:02.0: reg 0x18: [mem 0x90000000-0x9fffffff 64bit pref]
[    0.330963] pci 0000:00:02.0: reg 0x20: [io  0xf000-0xf03f]
[    0.330979] pci 0000:00:02.0: BAR 2: assigned to efifb
[    0.331199] pci 0000:00:14.0: [8086:9d2f] type 00 class 0x0c0330
[    0.331221] pci 0000:00:14.0: reg 0x10: [mem 0xdc310000-0xdc31ffff 64bit]
[    0.331295] pci 0000:00:14.0: PME# supported from D3hot D3cold
[    0.331553] pci 0000:00:14.2: [8086:9d31] type 00 class 0x118000
[    0.331573] pci 0000:00:14.2: reg 0x10: [mem 0xdc32d000-0xdc32dfff 64bit]
[    0.331824] pci 0000:00:15.0: [8086:9d60] type 00 class 0x118000
[    0.332013] pci 0000:00:15.0: reg 0x10: [mem 0xdc32c000-0xdc32cfff 64bit]
[    0.332673] pci 0000:00:15.1: [8086:9d61] type 00 class 0x118000
[    0.332911] pci 0000:00:15.1: reg 0x10: [mem 0xdc32b000-0xdc32bfff 64bit]
[    0.333511] pci 0000:00:16.0: [8086:9d3a] type 00 class 0x078000
[    0.333537] pci 0000:00:16.0: reg 0x10: [mem 0xdc32a000-0xdc32afff 64bit]
[    0.333599] pci 0000:00:16.0: PME# supported from D3hot
[    0.333799] pci 0000:00:1c.0: [8086:9d12] type 01 class 0x060400
[    0.333876] pci 0000:00:1c.0: PME# supported from D0 D3hot D3cold
[    0.334102] pci 0000:00:1c.4: [8086:9d14] type 01 class 0x060400
[    0.334175] pci 0000:00:1c.4: PME# supported from D0 D3hot D3cold
[    0.334392] pci 0000:00:1d.0: [8086:9d18] type 01 class 0x060400
[    0.334467] pci 0000:00:1d.0: PME# supported from D0 D3hot D3cold
[    0.334772] pci 0000:00:1e.0: [8086:9d27] type 00 class 0x118000
[    0.334974] pci 0000:00:1e.0: reg 0x10: [mem 0xdc329000-0xdc329fff 64bit]
[    0.335665] pci 0000:00:1f.0: [8086:9d58] type 00 class 0x060100
[    0.335935] pci 0000:00:1f.2: [8086:9d21] type 00 class 0x058000
[    0.335948] pci 0000:00:1f.2: reg 0x10: [mem 0xdc324000-0xdc327fff]
[    0.336153] pci 0000:00:1f.3: [8086:9d71] type 00 class 0x040300
[    0.336177] pci 0000:00:1f.3: reg 0x10: [mem 0xdc320000-0xdc323fff 64bit]
[    0.336203] pci 0000:00:1f.3: reg 0x20: [mem 0xdc300000-0xdc30ffff 64bit]
[    0.336252] pci 0000:00:1f.3: PME# supported from D3hot D3cold
[    0.336493] pci 0000:00:1f.4: [8086:9d23] type 00 class 0x0c0500
[    0.336553] pci 0000:00:1f.4: reg 0x10: [mem 0xdc328000-0xdc3280ff 64bit]
[    0.336624] pci 0000:00:1f.4: reg 0x20: [io  0xf040-0xf05f]
[    0.337073] pci 0000:01:00.0: [168c:003e] type 00 class 0x028000
[    0.337251] pci 0000:01:00.0: reg 0x10: [mem 0xdc000000-0xdc1fffff 64bit]
[    0.337847] pci 0000:01:00.0: PME# supported from D0 D3hot D3cold
[    0.338447] pci 0000:00:1c.0: PCI bridge to [bus 01]
[    0.338451] pci 0000:00:1c.0:   bridge window [mem 0xdc000000-0xdc1fffff]
[    0.338570] pci 0000:00:1c.4: PCI bridge to [bus 02-3a]
[    0.338576] pci 0000:00:1c.4:   bridge window [mem 0xc4000000-0xda0fffff]
[    0.338581] pci 0000:00:1c.4:   bridge window [mem 0xa0000000-0xc1ffffff 64bit pref]
[    0.338748] pci 0000:3b:00.0: [8086:f1a5] type 00 class 0x010802
[    0.338781] pci 0000:3b:00.0: reg 0x10: [mem 0xdc200000-0xdc203fff 64bit]
[    0.339113] pci 0000:00:1d.0: PCI bridge to [bus 3b]
[    0.339117] pci 0000:00:1d.0:   bridge window [mem 0xdc200000-0xdc2fffff]
[    0.342470] ACPI: PCI Interrupt Link [LNKA] (IRQs 3 4 5 6 10 *11 12 14 15)
[    0.342543] ACPI: PCI Interrupt Link [LNKB] (IRQs 3 4 5 6 *10 11 12 14 15)
[    0.342614] ACPI: PCI Interrupt Link [LNKC] (IRQs 3 4 5 6 10 *11 12 14 15)
[    0.342684] ACPI: PCI Interrupt Link [LNKD] (IRQs 3 4 5 6 10 *11 12 14 15)
[    0.342755] ACPI: PCI Interrupt Link [LNKE] (IRQs 3 4 5 6 10 *11 12 14 15)
[    0.342825] ACPI: PCI Interrupt Link [LNKF] (IRQs 3 4 5 6 10 *11 12 14 15)
[    0.342889] ACPI: PCI Interrupt Link [LNKG] (IRQs 3 4 5 6 10 *11 12 14 15)
[    0.342957] ACPI: PCI Interrupt Link [LNKH] (IRQs 3 4 5 6 10 *11 12 14 15)
[    0.343772] ACPI: EC: interrupt unblocked
[    0.343795] ACPI: EC: event unblocked
[    0.343808] ACPI: \_SB_.PCI0.LPCB.EC0_: GPE=0x50, EC_CMD/EC_SC=0x66, EC_DATA=0x62
[    0.343809] ACPI: \_SB_.PCI0.LPCB.EC0_: Used as boot DSDT EC to handle transactions and events
[    0.343902] SCSI subsystem initialized
[    0.343902] libata version 3.00 loaded.
[    0.343902] pci 0000:00:02.0: vgaarb: setting as boot VGA device
[    0.343902] pci 0000:00:02.0: vgaarb: VGA device added: decodes=io+mem,owns=io+mem,locks=none
[    0.343902] pci 0000:00:02.0: vgaarb: bridge control possible
[    0.343902] vgaarb: loaded
[    0.343902] ACPI: bus type USB registered
[    0.343902] usbcore: registered new interface driver usbfs
[    0.343902] usbcore: registered new interface driver hub
[    0.343902] usbcore: registered new device driver usb
[    0.343902] pps_core: LinuxPPS API ver. 1 registered
[    0.343902] pps_core: Software ver. 5.3.6 - Copyright 2005-2007 Rodolfo Giometti <giometti@linux.it>
[    0.343902] PTP clock support registered
[    0.343902] EDAC MC: Ver: 3.0.0
[    0.343902] Registered efivars operations
[    0.358642] PCI: Using ACPI for IRQ routing
[    0.386186] PCI: pci_cache_line_size set to 64 bytes
[    0.386466] e820: reserve RAM buffer [mem 0x00058000-0x0005ffff]
[    0.386467] e820: reserve RAM buffer [mem 0x0009e000-0x0009ffff]
[    0.386468] e820: reserve RAM buffer [mem 0x6ebea000-0x6fffffff]
[    0.386469] e820: reserve RAM buffer [mem 0x7a6f1000-0x7bffffff]
[    0.386470] e820: reserve RAM buffer [mem 0x7b300000-0x7bffffff]
[    0.386470] e820: reserve RAM buffer [mem 0x47f000000-0x47fffffff]
[    0.386561] NetLabel: Initializing
[    0.386562] NetLabel:  domain hash size = 128
[    0.386562] NetLabel:  protocols = UNLABELED CIPSOv4 CALIPSO
[    0.386574] NetLabel:  unlabeled traffic allowed by default
[    0.387105] hpet0: at MMIO 0xfed00000, IRQs 2, 8, 0, 0, 0, 0, 0, 0
[    0.387108] hpet0: 8 comparators, 64-bit 24.000000 MHz counter
[    0.390399] clocksource: Switched to clocksource tsc-early
[    0.402144] VFS: Disk quotas dquot_6.6.0
[    0.402156] VFS: Dquot-cache hash table entries: 512 (order 0, 4096 bytes)
[    0.402281] AppArmor: AppArmor Filesystem Enabled
[    0.402308] pnp: PnP ACPI init
[    0.402647] system 00:00: [io  0x0680-0x069f] has been reserved
[    0.402649] system 00:00: [io  0xffff] has been reserved
[    0.402650] system 00:00: [io  0xffff] has been reserved
[    0.402651] system 00:00: [io  0xffff] has been reserved
[    0.402652] system 00:00: [io  0x1800-0x18fe] has been reserved
[    0.402653] system 00:00: [io  0x164e-0x164f] has been reserved
[    0.402657] system 00:00: Plug and Play ACPI device, IDs PNP0c02 (active)
[    0.402779] pnp 00:01: Plug and Play ACPI device, IDs PNP0b00 (active)
[    0.402834] system 00:02: [io  0x1854-0x1857] has been reserved
[    0.402837] system 00:02: Plug and Play ACPI device, IDs INT3f0d PNP0c02 (active)
[    0.404129] system 00:03: [mem 0xfed10000-0xfed17fff] has been reserved
[    0.404131] system 00:03: [mem 0xfed18000-0xfed18fff] has been reserved
[    0.404132] system 00:03: [mem 0xfed19000-0xfed19fff] has been reserved
[    0.404133] system 00:03: [mem 0xe0000000-0xefffffff] has been reserved
[    0.404134] system 00:03: [mem 0xfed20000-0xfed3ffff] has been reserved
[    0.404135] system 00:03: [mem 0xfed90000-0xfed93fff] could not be reserved
[    0.404136] system 00:03: [mem 0xfed45000-0xfed8ffff] has been reserved
[    0.404137] system 00:03: [mem 0xff000000-0xffffffff] has been reserved
[    0.404138] system 00:03: [mem 0xfee00000-0xfeefffff] could not be reserved
[    0.404139] system 00:03: [mem 0xdffe0000-0xdfffffff] has been reserved
[    0.404142] system 00:03: Plug and Play ACPI device, IDs PNP0c02 (active)
[    0.404185] system 00:04: [mem 0xfd000000-0xfdabffff] has been reserved
[    0.404186] system 00:04: [mem 0xfdad0000-0xfdadffff] has been reserved
[    0.404187] system 00:04: [mem 0xfdb00000-0xfdffffff] has been reserved
[    0.404188] system 00:04: [mem 0xfe000000-0xfe01ffff] could not be reserved
[    0.404189] system 00:04: [mem 0xfe036000-0xfe03bfff] has been reserved
[    0.404190] system 00:04: [mem 0xfe03d000-0xfe3fffff] has been reserved
[    0.404191] system 00:04: [mem 0xfe410000-0xfe7fffff] has been reserved
[    0.404194] system 00:04: Plug and Play ACPI device, IDs PNP0c02 (active)
[    0.404515] system 00:05: [io  0xff00-0xfffe] has been reserved
[    0.404518] system 00:05: Plug and Play ACPI device, IDs PNP0c02 (active)
[    0.405731] system 00:06: [mem 0xfe029000-0xfe029fff] has been reserved
[    0.405732] system 00:06: [mem 0xfe028000-0xfe028fff] has been reserved
[    0.405734] system 00:06: Plug and Play ACPI device, IDs PNP0c02 (active)
[    0.406858] pnp: PnP ACPI: found 7 devices
[    0.412470] clocksource: acpi_pm: mask: 0xffffff max_cycles: 0xffffff, max_idle_ns: 2085701024 ns
[    0.412492] pci 0000:00:1c.4: bridge window [io  0x1000-0x0fff] to [bus 02-3a] add_size 1000
[    0.412512] pci 0000:00:1c.4: BAR 13: assigned [io  0x2000-0x2fff]
[    0.412515] pci 0000:00:1c.0: PCI bridge to [bus 01]
[    0.412523] pci 0000:00:1c.0:   bridge window [mem 0xdc000000-0xdc1fffff]
[    0.412529] pci 0000:00:1c.4: PCI bridge to [bus 02-3a]
[    0.412532] pci 0000:00:1c.4:   bridge window [io  0x2000-0x2fff]
[    0.412535] pci 0000:00:1c.4:   bridge window [mem 0xc4000000-0xda0fffff]
[    0.412538] pci 0000:00:1c.4:   bridge window [mem 0xa0000000-0xc1ffffff 64bit pref]
[    0.412542] pci 0000:00:1d.0: PCI bridge to [bus 3b]
[    0.412553] pci 0000:00:1d.0:   bridge window [mem 0xdc200000-0xdc2fffff]
[    0.412559] pci_bus 0000:00: resource 4 [io  0x0000-0x0cf7 window]
[    0.412560] pci_bus 0000:00: resource 5 [io  0x0d00-0xffff window]
[    0.412561] pci_bus 0000:00: resource 6 [mem 0x000a0000-0x000bffff window]
[    0.412562] pci_bus 0000:00: resource 7 [mem 0x000c0000-0x000c3fff window]
[    0.412563] pci_bus 0000:00: resource 8 [mem 0x000c4000-0x000c7fff window]
[    0.412564] pci_bus 0000:00: resource 9 [mem 0x000c8000-0x000cbfff window]
[    0.412565] pci_bus 0000:00: resource 10 [mem 0x000cc000-0x000cffff window]
[    0.412566] pci_bus 0000:00: resource 11 [mem 0x000d0000-0x000d3fff window]
[    0.412567] pci_bus 0000:00: resource 12 [mem 0x000d4000-0x000d7fff window]
[    0.412567] pci_bus 0000:00: resource 13 [mem 0x000d8000-0x000dbfff window]
[    0.412568] pci_bus 0000:00: resource 14 [mem 0x000dc000-0x000dffff window]
[    0.412569] pci_bus 0000:00: resource 15 [mem 0x000e0000-0x000e3fff window]
[    0.412570] pci_bus 0000:00: resource 16 [mem 0x000e4000-0x000e7fff window]
[    0.412571] pci_bus 0000:00: resource 17 [mem 0x000e8000-0x000ebfff window]
[    0.412572] pci_bus 0000:00: resource 18 [mem 0x000ec000-0x000effff window]
[    0.412573] pci_bus 0000:00: resource 19 [mem 0x80000000-0xdfffffff window]
[    0.412573] pci_bus 0000:00: resource 20 [mem 0xfd000000-0xfe7fffff window]
[    0.412575] pci_bus 0000:01: resource 1 [mem 0xdc000000-0xdc1fffff]
[    0.412576] pci_bus 0000:02: resource 0 [io  0x2000-0x2fff]
[    0.412576] pci_bus 0000:02: resource 1 [mem 0xc4000000-0xda0fffff]
[    0.412577] pci_bus 0000:02: resource 2 [mem 0xa0000000-0xc1ffffff 64bit pref]
[    0.412578] pci_bus 0000:3b: resource 1 [mem 0xdc200000-0xdc2fffff]
[    0.412749] NET: Registered protocol family 2
[    0.412885] tcp_listen_portaddr_hash hash table entries: 8192 (order: 5, 131072 bytes)
[    0.412941] TCP established hash table entries: 131072 (order: 8, 1048576 bytes)
[    0.413136] TCP bind hash table entries: 65536 (order: 8, 1048576 bytes)
[    0.413302] TCP: Hash tables configured (established 131072 bind 65536)
[    0.413351] UDP hash table entries: 8192 (order: 6, 262144 bytes)
[    0.413394] UDP-Lite hash table entries: 8192 (order: 6, 262144 bytes)
[    0.413491] NET: Registered protocol family 1
[    0.413495] NET: Registered protocol family 44
[    0.413506] pci 0000:00:02.0: Video device with shadowed ROM at [mem 0x000c0000-0x000dffff]
[    0.414133] PCI: CLS 0 bytes, default 64
[    0.414162] Unpacking initramfs...
[    1.269070] Freeing initrd memory: 63036K
[    1.269162] DMAR: ACPI device "device:6d" under DMAR at fed91000 as 00:15.0
[    1.269165] DMAR: ACPI device "device:6e" under DMAR at fed91000 as 00:15.1
[    1.269168] DMAR: ACPI device "device:6f" under DMAR at fed91000 as 00:1e.0
[    1.294445] PCI-DMA: Using software bounce buffering for IO (SWIOTLB)
[    1.294452] software IO TLB: mapped [mem 0x69b46000-0x6db46000] (64MB)
[    1.294713] clocksource: tsc: mask: 0xffffffffffffffff max_cycles: 0x29dc05e54fc, max_idle_ns: 440795291716 ns
[    1.294724] clocksource: Switched to clocksource tsc
[    1.294805] check: Scanning for low memory corruption every 60 seconds
[    1.296625] Initialise system trusted keyrings
[    1.296633] Key type blacklist registered
[    1.296654] workingset: timestamp_bits=36 max_order=22 bucket_order=0
[    1.297819] zbud: loaded
[    1.298212] squashfs: version 4.0 (2009/01/31) Phillip Lougher
[    1.298396] fuse init (API version 7.28)
[    1.332626] Key type asymmetric registered
[    1.332627] Asymmetric key parser 'x509' registered
[    1.332640] Block layer SCSI generic (bsg) driver version 0.4 loaded (major 243)
[    1.332671] io scheduler mq-deadline registered
[    1.333428] shpchp: Standard Hot Plug PCI Controller Driver version: 0.4
[    1.333500] efifb: probing for efifb
[    1.333516] efifb: framebuffer at 0x90000000, using 32448k, total 32448k
[    1.333517] efifb: mode is 3840x2160x32, linelength=15360, pages=1
[    1.333517] efifb: scrolling: redraw
[    1.333518] efifb: Truecolor: size=8:8:8:8, shift=24:16:8:0
[    1.333621] Console: switching to colour frame buffer device 480x135
[    1.333709] fb0: EFI VGA frame buffer device
[    1.333717] intel_idle: MWAIT substates: 0x11142120
[    1.333718] intel_idle: v0.4.1 model 0x8E
[    1.333933] intel_idle: lapic_timer_reliable_states 0xffffffff
[    1.335449] ACPI: AC Adapter [AC0] (off-line)
[    1.335521] input: Lid Switch as /devices/LNXSYSTM:00/LNXSYBUS:00/PNP0A08:00/device:18/PNP0C09:01/PNP0C0D:00/input/input0
[    1.335527] ACPI: Lid Switch [LID0]
[    1.335586] input: Sleep Button as /devices/LNXSYSTM:00/LNXSYBUS:00/PNP0C0E:00/input/input1
[    1.335592] ACPI: Sleep Button [SLPB]
[    1.335614] input: Power Button as /devices/LNXSYSTM:00/LNXSYBUS:00/PNP0C0C:00/input/input2
[    1.335618] ACPI: Power Button [PWRB]
[    1.335641] input: Power Button as /devices/LNXSYSTM:00/LNXPWRBN:00/input/input3
[    1.335652] ACPI: Power Button [PWRF]
[    1.455152] thermal LNXTHERM:00: registered as thermal_zone0
[    1.455154] ACPI: Thermal Zone [TZ00] (28 C)
[    1.455382] thermal LNXTHERM:01: registered as thermal_zone1
[    1.455382] ACPI: Thermal Zone [TZ01] (30 C)
[    1.455776] Serial: 8250/16550 driver, 32 ports, IRQ sharing enabled
[    1.457938] Linux agpgart interface v0.103
[    1.463375] tpm_tis MSFT0101:00: 2.0 TPM (device-id 0x1A, rev-id 16)
[    1.497061] loop: module loaded
[    1.497281] libphy: Fixed MDIO Bus: probed
[    1.497281] tun: Universal TUN/TAP device driver, 1.6
[    1.497343] PPP generic driver version 2.4.2
[    1.497426] ehci_hcd: USB 2.0 'Enhanced' Host Controller (EHCI) Driver
[    1.497427] ehci-pci: EHCI PCI platform driver
[    1.497437] ehci-platform: EHCI generic platform driver
[    1.497448] ohci_hcd: USB 1.1 'Open' Host Controller (OHCI) Driver
[    1.497449] ohci-pci: OHCI PCI platform driver
[    1.497456] ohci-platform: OHCI generic platform driver
[    1.497462] uhci_hcd: USB Universal Host Controller Interface driver
[    1.497714] xhci_hcd 0000:00:14.0: xHCI Host Controller
[    1.497719] xhci_hcd 0000:00:14.0: new USB bus registered, assigned bus number 1
[    1.498917] xhci_hcd 0000:00:14.0: hcc params 0x200077c1 hci version 0x100 quirks 0x0000000081109810
[    1.498924] xhci_hcd 0000:00:14.0: cache line size of 64 is not supported
[    1.499229] usb usb1: New USB device found, idVendor=1d6b, idProduct=0002, bcdDevice= 5.00
[    1.499231] usb usb1: New USB device strings: Mfr=3, Product=2, SerialNumber=1
[    1.499232] usb usb1: Product: xHCI Host Controller
[    1.499233] usb usb1: Manufacturer: Linux 5.0.0-20-generic xhci-hcd
[    1.499233] usb usb1: SerialNumber: 0000:00:14.0
[    1.499340] hub 1-0:1.0: USB hub found
[    1.499371] hub 1-0:1.0: 12 ports detected
[    1.500780] xhci_hcd 0000:00:14.0: xHCI Host Controller
[    1.500782] xhci_hcd 0000:00:14.0: new USB bus registered, assigned bus number 2
[    1.500784] xhci_hcd 0000:00:14.0: Host supports USB 3.0  SuperSpeed
[    1.500816] usb usb2: New USB device found, idVendor=1d6b, idProduct=0003, bcdDevice= 5.00
[    1.500817] usb usb2: New USB device strings: Mfr=3, Product=2, SerialNumber=1
[    1.500818] usb usb2: Product: xHCI Host Controller
[    1.500819] usb usb2: Manufacturer: Linux 5.0.0-20-generic xhci-hcd
[    1.500820] usb usb2: SerialNumber: 0000:00:14.0
[    1.500913] hub 2-0:1.0: USB hub found
[    1.500926] hub 2-0:1.0: 6 ports detected
[    1.501938] i8042: PNP: No PS/2 controller found.
[    1.501939] i8042: Probing ports directly.
[    1.513503] serio: i8042 KBD port at 0x60,0x64 irq 1
[    1.513507] serio: i8042 AUX port at 0x60,0x64 irq 12
[    1.513675] mousedev: PS/2 mouse device common for all mice
[    1.514067] rtc_cmos 00:01: RTC can wake from S4
[    1.514553] rtc_cmos 00:01: registered as rtc0
[    1.514565] rtc_cmos 00:01: alarms up to one month, y3k, 242 bytes nvram, hpet irqs
[    1.514571] i2c /dev entries driver
[    1.514657] device-mapper: uevent: version 1.0.3
[    1.514702] device-mapper: ioctl: 4.39.0-ioctl (2018-04-03) initialised: dm-devel@redhat.com
[    1.514719] platform eisa.0: Probing EISA bus 0
[    1.514720] platform eisa.0: EISA: Cannot allocate resource for mainboard
[    1.514721] platform eisa.0: Cannot allocate resource for EISA slot 1
[    1.514722] platform eisa.0: Cannot allocate resource for EISA slot 2
[    1.514723] platform eisa.0: Cannot allocate resource for EISA slot 3
[    1.514723] platform eisa.0: Cannot allocate resource for EISA slot 4
[    1.514724] platform eisa.0: Cannot allocate resource for EISA slot 5
[    1.514725] platform eisa.0: Cannot allocate resource for EISA slot 6
[    1.514726] platform eisa.0: Cannot allocate resource for EISA slot 7
[    1.514726] platform eisa.0: Cannot allocate resource for EISA slot 8
[    1.514727] platform eisa.0: EISA: Detected 0 cards
[    1.514751] intel_pstate: Intel P-state driver initializing
[    1.515066] intel_pstate: HWP enabled
[    1.515231] ledtrig-cpu: registered to indicate activity on CPUs
[    1.515233] EFI Variables Facility v0.08 2004-May-17
[    1.535075] intel_pmc_core:  initialized
[    1.535227] NET: Registered protocol family 10
[    1.540688] Segment Routing with IPv6
[    1.540704] NET: Registered protocol family 17
[    1.540729] Key type dns_resolver registered
[    1.541152] RAS: Correctable Errors collector initialized.
[    1.541178] microcode: sig=0x806e9, pf=0x80, revision=0xb4
[    1.541239] microcode: Microcode Update Driver: v2.2.
[    1.541251] sched_clock: Marking stable (1544767560, -3530720)->(1546179975, -4943135)
[    1.541467] registered taskstats version 1
[    1.541475] Loading compiled-in X.509 certificates
[    1.543382] Loaded X.509 cert 'Build time autogenerated kernel key: 703556849384e51ae1b8b9b7a61e661a81a3f634'
[    1.544564] Loaded UEFI:db cert 'Microsoft Corporation UEFI CA 2011: 13adbf4309bd82709c8cd54f316ed522988a1bd4' linked to secondary sys keyring
[    1.544578] Loaded UEFI:db cert 'Microsoft Windows Production PCA 2011: a92902398e16c49778cd90f99e4f9ae17c55af53' linked to secondary sys keyring
[    1.544985] Couldn't get size: 0x800000000000000e
[    1.544987] MODSIGN: Couldn't get UEFI MokListRT
[    1.546134] zswap: loaded using pool lzo/zbud
[    1.551004] Key type big_key registered
[    1.551007] Key type trusted registered
[    1.553158] Key type encrypted registered
[    1.553161] AppArmor: AppArmor sha1 policy hashing enabled
[    1.555444] ima: Allocated hash algorithm: sha1
[    1.572570] battery: ACPI: Battery Slot [BAT0] (battery present)
[    1.586225] input: AT Raw Set 2 keyboard as /devices/platform/i8042/serio0/input/input4
[    1.614254] No architecture policies found
[    1.614269] evm: Initialising EVM extended attributes:
[    1.614270] evm: security.selinux
[    1.614270] evm: security.SMACK64
[    1.614271] evm: security.SMACK64EXEC
[    1.614271] evm: security.SMACK64TRANSMUTE
[    1.614271] evm: security.SMACK64MMAP
[    1.614271] evm: security.apparmor
[    1.614272] evm: security.ima
[    1.614272] evm: security.capability
[    1.614273] evm: HMAC attrs: 0x1
[    1.615348]   Magic number: 11:688:175
[    1.615352] misc network_throughput: hash matches
[    1.615411] acpi device:38: hash matches
[    1.615420] acpi device:0b: hash matches
[    1.615606] rtc_cmos 00:01: setting system clock to 2019-07-12T11:11:53 UTC (1562929913)
[    1.616748] Freeing unused decrypted memory: 2040K
[    1.617134] Freeing unused kernel image memory: 2576K
[    1.630774] Write protecting the kernel read-only data: 22528k
[    1.631319] Freeing unused kernel image memory: 2016K
[    1.631760] Freeing unused kernel image memory: 1852K
[    1.638463] x86/mm: Checked W+X mappings: passed, no W+X pages found.
[    1.638465] x86/mm: Checking user space page tables
[    1.644918] x86/mm: Checked W+X mappings: passed, no W+X pages found.
[    1.644938] Run /init as init process
[    1.751130] hidraw: raw HID events driver (C) Jiri Kosina
[    1.751569] i801_smbus 0000:00:1f.4: SPD Write Disable is set
[    1.751623] i801_smbus 0000:00:1f.4: SMBus using PCI interrupt
[    1.755393] intel-lpss 0000:00:15.0: enabling device (0000 -> 0002)
[    1.760583] cryptd: max_cpu_qlen set to 1000
[    1.768746] nvme nvme0: pci function 0000:3b:00.0
[    1.770173] AVX2 version of gcm_enc/dec engaged.
[    1.770174] AES CTR mode by8 optimization enabled
[    1.784319] VFIO - User Level meta-driver version: 0.3
[    1.785292] intel-lpss 0000:00:15.1: enabling device (0000 -> 0002)
[    1.790708] i2c_hid i2c-15320205:00: i2c-15320205:00 supply vdd not found, using dummy regulator
[    1.790721] i2c_hid i2c-15320205:00: Linked as a consumer to regulator.0
[    1.790722] i2c_hid i2c-15320205:00: i2c-15320205:00 supply vddl not found, using dummy regulator
[    1.811523] checking generic (90000000 1fb0000) vs hw (90000000 10000000)
[    1.811524] fb0: switching to inteldrmfb from EFI VGA
[    1.811540] Console: switching to colour dummy device 80x25
[    1.811607] [drm] Replacing VGA console driver
[    1.812709] [drm] Supports vblank timestamp caching Rev 2 (21.10.2013).
[    1.812709] [drm] Driver supports precise vblank timestamp query.
[    1.813446] i915 0000:00:02.0: vgaarb: changed VGA decodes: olddecodes=io+mem,decodes=io+mem:owns=io+mem
[    1.814189] [drm] Finished loading DMC firmware i915/kbl_dmc_ver1_04.bin (v1.4)
[    1.819178] intel-lpss 0000:00:1e.0: enabling device (0000 -> 0002)
[    1.826948] input: 15320205:00 06CB:5F41 Mouse as /devices/pci0000:00/0000:00:15.1/i2c_designware.1/i2c-2/i2c-15320205:00/0018:06CB:5F41.0001/input/input7
[    1.827033] hid-generic 0018:06CB:5F41.0001: input,hidraw0: I2C HID v1.00 Mouse [15320205:00 06CB:5F41] on i2c-15320205:00
[    1.828393] media: Linux media interface: v0.10
[    1.832057] videodev: Linux video capture interface: v2.00
[    1.838562] usb 1-6: new full-speed USB device number 2 using xhci_hcd
[    1.987537] nvme nvme0: 4/0/0 default/read/poll queues
[    1.987872] usb 1-6: New USB device found, idVendor=0cf3, idProduct=e300, bcdDevice= 0.01
[    1.987873] usb 1-6: New USB device strings: Mfr=0, Product=0, SerialNumber=0
[    1.991508]  nvme0n1: p1 p2 p3 p4 p5 p6 p7
[    2.114411] usb 1-7: new high-speed USB device number 3 using xhci_hcd
[    2.116989] rmi4_f01 rmi4-00.fn01: found RMI device, manufacturer: Synaptics, product: TM2438-005, fw id: 2049433
[    2.143522] [drm] Initialized i915 1.6.0 20181204 for 0000:00:02.0 on minor 0
[    2.145648] ACPI: Video Device [GFX0] (multi-head: yes  rom: no  post: no)
[    2.145944] input: Video Bus as /devices/LNXSYSTM:00/LNXSYBUS:00/PNP0A08:00/LNXVIDEO:00/input/input10
[    2.159397] fbcon: inteldrmfb (fb0) is primary device
[    2.159460] Console: switching to colour frame buffer device 480x135
[    2.159567] i915 0000:00:02.0: fb0: inteldrmfb frame buffer device
[    2.334101] usb 1-7: New USB device found, idVendor=0bda, idProduct=579f, bcdDevice= 0.02
[    2.334103] usb 1-7: New USB device strings: Mfr=3, Product=1, SerialNumber=2
[    2.334103] usb 1-7: Product: USB Camera
[    2.334104] usb 1-7: Manufacturer: 11121119-000KA32BF
[    2.334105] usb 1-7: SerialNumber: 200901010001
[    2.456464] input: Synaptics TM2438-005 as /devices/pci0000:00/0000:00:15.1/i2c_designware.1/i2c-2/i2c-15320205:00/0018:06CB:5F41.0001/input/input9
[    2.456583] hid-rmi 0018:06CB:5F41.0001: input,hidraw0: I2C HID v1.00 Mouse [15320205:00 06CB:5F41] on i2c-15320205:00
[    2.466434] usb 1-8: new full-speed USB device number 4 using xhci_hcd
[    2.616435] usb 1-8: New USB device found, idVendor=1532, idProduct=0220, bcdDevice= 2.00
[    2.616436] usb 1-8: New USB device strings: Mfr=1, Product=2, SerialNumber=0
[    2.616437] usb 1-8: Product: Razer Blade Stealth
[    2.616437] usb 1-8: Manufacturer: Razer
[    2.743158] usb 1-9: new full-speed USB device number 5 using xhci_hcd
[    2.896939] usb 1-9: New USB device found, idVendor=04f3, idProduct=2356, bcdDevice=10.14
[    2.896941] usb 1-9: New USB device strings: Mfr=4, Product=14, SerialNumber=0
[    2.896942] usb 1-9: Product: Touchscreen
[    2.896943] usb 1-9: Manufacturer: ELAN
[    2.903929] input: Razer Razer Blade Stealth as /devices/pci0000:00/0000:00:14.0/usb1/1-8/1-8:1.0/0003:1532:0220.0002/input/input11
[    2.963011] hid-generic 0003:1532:0220.0002: input,hidraw1: USB HID v1.11 Keyboard [Razer Razer Blade Stealth] on usb-0000:00:14.0-8/input0
[    2.963889] input: Razer Razer Blade Stealth Keyboard as /devices/pci0000:00/0000:00:14.0/usb1/1-8/1-8:1.1/0003:1532:0220.0003/input/input12
[    3.023289] input: Razer Razer Blade Stealth Consumer Control as /devices/pci0000:00/0000:00:14.0/usb1/1-8/1-8:1.1/0003:1532:0220.0003/input/input13
[    3.023401] input: Razer Razer Blade Stealth System Control as /devices/pci0000:00/0000:00:14.0/usb1/1-8/1-8:1.1/0003:1532:0220.0003/input/input14
[    3.023508] input: Razer Razer Blade Stealth as /devices/pci0000:00/0000:00:14.0/usb1/1-8/1-8:1.1/0003:1532:0220.0003/input/input15
[    3.023671] hid-generic 0003:1532:0220.0003: input,hidraw2: USB HID v1.11 Keyboard [Razer Razer Blade Stealth] on usb-0000:00:14.0-8/input1
[    3.024199] input: Razer Razer Blade Stealth as /devices/pci0000:00/0000:00:14.0/usb1/1-8/1-8:1.2/0003:1532:0220.0004/input/input16
[    3.024391] hid-generic 0003:1532:0220.0004: input,hidraw3: USB HID v1.11 Mouse [Razer Razer Blade Stealth] on usb-0000:00:14.0-8/input2
[    3.029842] input: ELAN Touchscreen as /devices/pci0000:00/0000:00:14.0/usb1/1-9/1-9:1.0/0003:04F3:2356.0005/input/input17
[    3.030078] input: ELAN Touchscreen as /devices/pci0000:00/0000:00:14.0/usb1/1-9/1-9:1.0/0003:04F3:2356.0005/input/input18
[    3.030119] input: ELAN Touchscreen as /devices/pci0000:00/0000:00:14.0/usb1/1-9/1-9:1.0/0003:04F3:2356.0005/input/input19
[    3.030186] hid-generic 0003:04F3:2356.0005: input,hiddev0,hidraw4: USB HID v1.10 Device [ELAN Touchscreen] on usb-0000:00:14.0-9/input0
[    3.030211] usbcore: registered new interface driver usbhid
[    3.030212] usbhid: USB HID core driver
[   11.621703] NET: Registered protocol family 38
[   11.693944] device-mapper: crypt: xts(aes) using implementation "xts-aes-aesni"
[   11.755546] EXT4-fs (dm-0): mounted filesystem with ordered data mode. Opts: (null)
[   11.869763] systemd[1]: Inserted module 'autofs4'
[   11.917136] systemd[1]: systemd 240 running in system mode. (+PAM +AUDIT +SELINUX +IMA +APPARMOR +SMACK +SYSVINIT +UTMP +LIBCRYPTSETUP +GCRYPT +GNUTLS +ACL +XZ +LZ4 +SECCOMP +BLKID +ELFUTILS +KMOD -IDN2 +IDN -PCRE2 default-hierarchy=hybrid)
[   11.934614] systemd[1]: Detected architecture x86-64.
[   11.937031] systemd[1]: Set hostname to <Mimoja-Stealth>.
[   12.028016] systemd[1]: /lib/systemd/system/spice-vdagentd.service:8: PIDFile= references path below legacy directory /var/run/, updating /var/run/spice-vdagentd/spice-vdagentd.pid  /run/spice-vdagentd/spice-vdagentd.pid; please update the unit file accordingly.
[   12.030260] systemd[1]: Listening on udev Kernel Socket.
[   12.030339] systemd[1]: Listening on Syslog Socket.
[   12.030346] systemd[1]: Reached target Remote File Systems.
[   12.030890] systemd[1]: Listening on Journal Socket.
[   12.032013] systemd[1]: Starting Uncomplicated firewall...
[   12.032726] systemd[1]: Mounting Huge Pages File System...
[   12.046313] EXT4-fs (dm-0): re-mounted. Opts: errors=remount-ro
[   12.081292] lp: driver loaded but no devices found
[   12.091971] ppdev: user-space parallel port driver
[   12.127566] Adding 2097148k swap on /swapfile.  Priority:-2 extents:6 across:2260988k SSFS
[   12.463056] systemd-journald[521]: Received request to flush runtime journal from PID 1
[   12.539675] mei_me 0000:00:16.0: enabling device (0000 -> 0002)
[   12.564552] cfg80211: Loading compiled-in X.509 certificates for regulatory database
[   12.577960] cfg80211: Loaded X.509 cert 'sforshee: 00b28ddf47aef9cea7'
[   12.616085] PKCS#7 signature not signed with a trusted key
[   12.616096] razerkbd: loading out-of-tree module taints kernel.
[   12.616146] razerkbd: module verification failed: signature and/or required key missing - tainting kernel
[   12.616313] PKCS#7 signature not signed with a trusted key
[   12.618073] PKCS#7 signature not signed with a trusted key
[   12.619584] RAPL PMU: API unit is 2^-32 Joules, 5 fixed counters, 655360 ms ovfl timer
[   12.619585] RAPL PMU: hw unit of domain pp0-core 2^-14 Joules
[   12.619586] RAPL PMU: hw unit of domain package 2^-14 Joules
[   12.619586] RAPL PMU: hw unit of domain dram 2^-14 Joules
[   12.619587] RAPL PMU: hw unit of domain pp1-gpu 2^-14 Joules
[   12.619587] RAPL PMU: hw unit of domain psys 2^-14 Joules
[   12.634019] uvcvideo: Found UVC 1.00 device USB Camera (0bda:579f)
[   12.634541] ath10k_pci 0000:01:00.0: enabling device (0000 -> 0002)
[   12.635975] ath10k_pci 0000:01:00.0: pci irq msi oper_irq_mode 2 irq_mode 0 reset_mode 0
[   12.642502] idma64 idma64.0: Found Intel integrated DMA 64-bit
[   12.647945] Bluetooth: Core ver 2.22
[   12.647962] NET: Registered protocol family 31
[   12.647963] Bluetooth: HCI device and connection manager initialized
[   12.647966] Bluetooth: HCI socket layer initialized
[   12.647969] Bluetooth: L2CAP socket layer initialized
[   12.647972] Bluetooth: SCO socket layer initialized
[   12.657269] uvcvideo 1-7:1.0: Entity type for entity Extension 4 was not initialized!
[   12.657271] uvcvideo 1-7:1.0: Entity type for entity Processing 2 was not initialized!
[   12.657273] uvcvideo 1-7:1.0: Entity type for entity Camera 1 was not initialized!
[   12.657332] input: USB Camera: USB Camera as /devices/pci0000:00/0000:00:14.0/usb1/1-7/1-7:1.0/input/input21
[   12.657840] intel_rapl: Found RAPL domain package
[   12.657841] intel_rapl: Found RAPL domain core
[   12.657842] intel_rapl: Found RAPL domain uncore
[   12.657843] intel_rapl: Found RAPL domain dram
[   12.659652] dw-apb-uart.2: ttyS4 at MMIO 0xdc329000 (irq = 20, base_baud = 115200) is a 16550A
[   12.667422] usbcore: registered new interface driver btusb
[   12.668750] Bluetooth: hci0: using rampatch file: qca/rampatch_usb_00000302.bin
[   12.668751] Bluetooth: hci0: QCA: patch rome 0x302 build 0x3e8, firmware rome 0x302 build 0x111
[   12.723257] Bluetooth: hci0: using NVM file: qca/nvm_usb_00000302.bin
[   12.739025] input: Razer Razer Blade Stealth as /devices/pci0000:00/0000:00:14.0/usb1/1-8/1-8:1.0/0003:1532:0220.0002/input/input22
[   12.750626] idma64 idma64.1: Found Intel integrated DMA 64-bit
[   12.823606] usbcore: registered new interface driver uvcvideo
[   12.823607] USB Video Class driver (1.1.1)
[   12.825630] input: ELAN Touchscreen as /devices/pci0000:00/0000:00:14.0/usb1/1-9/1-9:1.0/0003:04F3:2356.0005/input/input23
[   12.837988] snd_hda_intel 0000:00:1f.3: enabling device (0000 -> 0002)
[   12.838155] snd_hda_intel 0000:00:1f.3: Linked as a consumer to 0000:00:02.0
[   12.838192] snd_hda_intel 0000:00:1f.3: bound 0000:00:02.0 (ops i915_audio_component_bind_ops [i915])
[   12.858833] idma64 idma64.2: Found Intel integrated DMA 64-bit
[   12.866834] snd_hda_codec_realtek hdaudioC0D0: autoconfig for ALC298: line_outs=1 (0x14/0x0/0x0/0x0/0x0) type:speaker
[   12.866836] snd_hda_codec_realtek hdaudioC0D0:    speaker_outs=0 (0x0/0x0/0x0/0x0/0x0)
[   12.866837] snd_hda_codec_realtek hdaudioC0D0:    hp_outs=1 (0x21/0x0/0x0/0x0/0x0)
[   12.866838] snd_hda_codec_realtek hdaudioC0D0:    mono: mono_out=0x0
[   12.866839] snd_hda_codec_realtek hdaudioC0D0:    inputs:
[   12.866841] snd_hda_codec_realtek hdaudioC0D0:      Mic=0x18
[   12.866842] snd_hda_codec_realtek hdaudioC0D0:      Internal Mic=0x12
[   12.882559] razerkbd 0003:1532:0220.0002: input,hidraw1: USB HID v1.11 Keyboard [Razer Razer Blade Stealth] on usb-0000:00:14.0-8/input0
[   12.882675] hid-multitouch 0003:04F3:2356.0005: input,hiddev0,hidraw4: USB HID v1.10 Device [ELAN Touchscreen] on usb-0000:00:14.0-9/input0
[   12.916910] ath10k_pci 0000:01:00.0: qca6174 hw3.2 target 0x05030000 chip_id 0x00340aff sub 1a56:1535
[   12.916913] ath10k_pci 0000:01:00.0: kconfig debug 0 debugfs 1 tracing 1 dfs 0 testmode 0
[   12.917345] ath10k_pci 0000:01:00.0: firmware ver RM.4.4.1.c2-00057-QCARMSWP-1 api 6 features wowlan,ignore-otp,no-4addr-pad,raw-mode crc32 e061250a
[   12.927856] input: HDA Intel PCH Mic as /devices/pci0000:00/0000:00:1f.3/sound/card0/input27
[   12.987175] ath10k_pci 0000:01:00.0: board_file api 2 bmi_id N/A crc32 4ed3569e
[   13.014632] input: HDA Intel PCH Headphone as /devices/pci0000:00/0000:00:1f.3/sound/card0/input28
[   13.014670] input: HDA Intel PCH HDMI/DP,pcm=3 as /devices/pci0000:00/0000:00:1f.3/sound/card0/input29
[   13.014703] input: HDA Intel PCH HDMI/DP,pcm=7 as /devices/pci0000:00/0000:00:1f.3/sound/card0/input30
[   13.014737] input: HDA Intel PCH HDMI/DP,pcm=8 as /devices/pci0000:00/0000:00:1f.3/sound/card0/input31
[   13.014773] input: HDA Intel PCH HDMI/DP,pcm=9 as /devices/pci0000:00/0000:00:1f.3/sound/card0/input32
[   13.014804] input: HDA Intel PCH HDMI/DP,pcm=10 as /devices/pci0000:00/0000:00:1f.3/sound/card0/input33
[   13.055741] ath10k_pci 0000:01:00.0: unsupported HTC service id: 1536
[   13.106676] input: Razer Razer Blade Stealth as /devices/pci0000:00/0000:00:14.0/usb1/1-8/1-8:1.1/0003:1532:0220.0003/input/input34
[   13.135657] ath10k_pci 0000:01:00.0: htt-ver 3.56 wmi-op 4 htt-op 3 cal otp max-sta 32 raw 0 hwcrypto 1
[   13.166517] razerkbd 0003:1532:0220.0003: input,hidraw2: USB HID v1.11 Keyboard [Razer Razer Blade Stealth] on usb-0000:00:14.0-8/input1
[   13.226736] input: Razer Razer Blade Stealth as /devices/pci0000:00/0000:00:14.0/usb1/1-8/1-8:1.2/0003:1532:0220.0004/input/input35
[   13.226876] razerkbd 0003:1532:0220.0004: input,hidraw3: USB HID v1.11 Mouse [Razer Razer Blade Stealth] on usb-0000:00:14.0-8/input2
[   13.228361] ath: EEPROM regdomain: 0x6c
[   13.228361] ath: EEPROM indicates we should expect a direct regpair map
[   13.228362] ath: Country alpha2 being used: 00
[   13.228363] ath: Regpair used: 0x6c
[   13.240557] ath10k_pci 0000:01:00.0 wlp1s0: renamed from wlan0
[   13.331532] EXT4-fs (nvme0n1p6): mounted filesystem with ordered data mode. Opts: (null)
[   13.378243] audit: type=1400 audit(1562929925.255:2): apparmor="STATUS" operation="profile_load" profile="unconfined" name="/usr/bin/man" pid=935 comm="apparmor_parser"
[   13.378245] audit: type=1400 audit(1562929925.255:3): apparmor="STATUS" operation="profile_load" profile="unconfined" name="man_filter" pid=935 comm="apparmor_parser"
[   13.378247] audit: type=1400 audit(1562929925.255:4): apparmor="STATUS" operation="profile_load" profile="unconfined" name="man_groff" pid=935 comm="apparmor_parser"
[   13.385040] audit: type=1400 audit(1562929925.263:5): apparmor="STATUS" operation="profile_load" profile="unconfined" name="/usr/lib/cups/backend/cups-pdf" pid=934 comm="apparmor_parser"
[   13.385044] audit: type=1400 audit(1562929925.263:6): apparmor="STATUS" operation="profile_load" profile="unconfined" name="/usr/sbin/cupsd" pid=934 comm="apparmor_parser"
[   13.385045] audit: type=1400 audit(1562929925.263:7): apparmor="STATUS" operation="profile_load" profile="unconfined" name="/usr/sbin/cupsd//third_party" pid=934 comm="apparmor_parser"
[   13.385840] audit: type=1400 audit(1562929925.263:8): apparmor="STATUS" operation="profile_load" profile="unconfined" name="/usr/sbin/tcpdump" pid=933 comm="apparmor_parser"
[   13.388951] audit: type=1400 audit(1562929925.267:9): apparmor="STATUS" operation="profile_load" profile="unconfined" name="/usr/sbin/cups-browsed" pid=941 comm="apparmor_parser"
[   13.395159] audit: type=1400 audit(1562929925.275:10): apparmor="STATUS" operation="profile_load" profile="unconfined" name="/usr/lib/snapd/snap-confine" pid=942 comm="apparmor_parser"
[   13.395162] audit: type=1400 audit(1562929925.275:11): apparmor="STATUS" operation="profile_load" profile="unconfined" name="/usr/lib/snapd/snap-confine//mount-namespace-capture-helper" pid=942 comm="apparmor_parser"
[   13.864249] Bluetooth: BNEP (Ethernet Emulation) ver 1.3
[   13.864250] Bluetooth: BNEP filters: protocol multicast
[   13.864254] Bluetooth: BNEP socket layer initialized
[   14.555835] ath10k_pci 0000:01:00.0: unsupported HTC service id: 1536
[   19.574875] wlp1s0: authenticate with f0:af:85:c6:f8:47
[   19.608621] wlp1s0: send auth to f0:af:85:c6:f8:47 (try 1/3)
[   19.609885] wlp1s0: authenticated
[   19.610464] wlp1s0: associate with f0:af:85:c6:f8:47 (try 1/3)
[   19.614785] wlp1s0: RX AssocResp from f0:af:85:c6:f8:47 (capab=0x11 status=0 aid=1)
[   19.617664] wlp1s0: associated
[   19.677118] IPv6: ADDRCONF(NETDEV_CHANGE): wlp1s0: link becomes ready
[   47.654880] Bluetooth: RFCOMM TTY layer initialized
[   47.654886] Bluetooth: RFCOMM socket layer initialized
[   47.654891] Bluetooth: RFCOMM ver 1.11
[   47.881006] rfkill: input handler disabled
[  111.466683] pci 0000:02:00.0: [8086:15da] type 01 class 0x060400
[  111.466742] pci 0000:02:00.0: enabling Extended Tags
[  111.466827] pci 0000:02:00.0: supports D1 D2
[  111.466828] pci 0000:02:00.0: PME# supported from D0 D1 D2 D3hot D3cold
[  111.467144] pci 0000:03:00.0: [8086:15da] type 01 class 0x060400
[  111.467205] pci 0000:03:00.0: enabling Extended Tags
[  111.467287] pci 0000:03:00.0: supports D1 D2
[  111.467288] pci 0000:03:00.0: PME# supported from D0 D1 D2 D3hot D3cold
[  111.467401] pci 0000:03:01.0: [8086:15da] type 01 class 0x060400
[  111.467459] pci 0000:03:01.0: enabling Extended Tags
[  111.467538] pci 0000:03:01.0: supports D1 D2
[  111.467539] pci 0000:03:01.0: PME# supported from D0 D1 D2 D3hot D3cold
[  111.467637] pci 0000:03:02.0: [8086:15da] type 01 class 0x060400
[  111.467695] pci 0000:03:02.0: enabling Extended Tags
[  111.467772] pci 0000:03:02.0: supports D1 D2
[  111.467773] pci 0000:03:02.0: PME# supported from D0 D1 D2 D3hot D3cold
[  111.467891] pci 0000:02:00.0: PCI bridge to [bus 03-3a]
[  111.467901] pci 0000:02:00.0:   bridge window [mem 0xc4000000-0xda0fffff]
[  111.467907] pci 0000:02:00.0:   bridge window [mem 0xa0000000-0xc1ffffff 64bit pref]
[  111.467971] pci 0000:04:00.0: [8086:15d9] type 00 class 0x088000
[  111.468002] pci 0000:04:00.0: reg 0x10: [mem 0xda000000-0xda03ffff]
[  111.468013] pci 0000:04:00.0: reg 0x14: [mem 0xda040000-0xda040fff]
[  111.468071] pci 0000:04:00.0: enabling Extended Tags
[  111.468165] pci 0000:04:00.0: supports D1 D2
[  111.468166] pci 0000:04:00.0: PME# supported from D0 D1 D2 D3hot D3cold
[  111.468326] pci 0000:03:00.0: PCI bridge to [bus 04]
[  111.468335] pci 0000:03:00.0:   bridge window [mem 0xda000000-0xda0fffff]
[  111.468387] pci 0000:03:01.0: PCI bridge to [bus 05-39]
[  111.468395] pci 0000:03:01.0:   bridge window [mem 0xc4000000-0xd9efffff]
[  111.468401] pci 0000:03:01.0:   bridge window [mem 0xa0000000-0xc1ffffff 64bit pref]
[  111.468464] pci 0000:3a:00.0: [8086:15db] type 00 class 0x0c0330
[  111.468499] pci 0000:3a:00.0: reg 0x10: [mem 0xd9f00000-0xd9f0ffff]
[  111.468669] pci 0000:3a:00.0: supports D1 D2
[  111.468670] pci 0000:3a:00.0: PME# supported from D0 D1 D2 D3hot D3cold
[  111.468732] pci 0000:3a:00.0: 8.000 Gb/s available PCIe bandwidth, limited by 2.5 GT/s x4 link at 0000:03:02.0 (capable of 31.504 Gb/s with 8 GT/s x4 link)
[  111.468840] pci 0000:03:02.0: PCI bridge to [bus 3a]
[  111.468849] pci 0000:03:02.0:   bridge window [mem 0xd9f00000-0xd9ffffff]
[  111.468877] pci_bus 0000:03: Allocating resources
[  111.468910] pci 0000:03:01.0: bridge window [io  0x1000-0x0fff] to [bus 05-39] add_size 1000
[  111.468918] pci 0000:03:02.0: bridge window [io  0x1000-0x0fff] to [bus 3a] add_size 1000
[  111.468920] pci 0000:03:02.0: bridge window [mem 0x00100000-0x000fffff 64bit pref] to [bus 3a] add_size 200000 add_align 100000
[  111.468929] pci 0000:02:00.0: bridge window [io  0x1000-0x0fff] to [bus 03-3a] add_size 3000
[  111.468933] pci 0000:02:00.0: BAR 13: no space for [io  size 0x3000]
[  111.468934] pci 0000:02:00.0: BAR 13: failed to assign [io  size 0x3000]
[  111.468935] pci 0000:02:00.0: BAR 13: no space for [io  size 0x3000]
[  111.468936] pci 0000:02:00.0: BAR 13: failed to assign [io  size 0x3000]
[  111.468940] pci 0000:03:02.0: BAR 15: no space for [mem size 0x00200000 64bit pref]
[  111.468941] pci 0000:03:02.0: BAR 15: failed to assign [mem size 0x00200000 64bit pref]
[  111.468943] pci 0000:03:01.0: BAR 13: no space for [io  size 0x1000]
[  111.468944] pci 0000:03:01.0: BAR 13: failed to assign [io  size 0x1000]
[  111.468945] pci 0000:03:02.0: BAR 13: no space for [io  size 0x1000]
[  111.468946] pci 0000:03:02.0: BAR 13: failed to assign [io  size 0x1000]
[  111.468949] pci 0000:03:02.0: BAR 15: no space for [mem size 0x00200000 64bit pref]
[  111.468950] pci 0000:03:02.0: BAR 15: failed to assign [mem size 0x00200000 64bit pref]
[  111.468951] pci 0000:03:02.0: BAR 13: no space for [io  size 0x1000]
[  111.468952] pci 0000:03:02.0: BAR 13: failed to assign [io  size 0x1000]
[  111.468953] pci 0000:03:01.0: BAR 13: no space for [io  size 0x1000]
[  111.468954] pci 0000:03:01.0: BAR 13: failed to assign [io  size 0x1000]
[  111.468956] pci 0000:03:00.0: PCI bridge to [bus 04]
[  111.468961] pci 0000:03:00.0:   bridge window [mem 0xda000000-0xda0fffff]
[  111.468969] pci 0000:03:01.0: PCI bridge to [bus 05-39]
[  111.468973] pci 0000:03:01.0:   bridge window [mem 0xc4000000-0xd9efffff]
[  111.468977] pci 0000:03:01.0:   bridge window [mem 0xa0000000-0xc1ffffff 64bit pref]
[  111.468983] pci 0000:03:02.0: PCI bridge to [bus 3a]
[  111.468987] pci 0000:03:02.0:   bridge window [mem 0xd9f00000-0xd9ffffff]
[  111.468995] pci 0000:02:00.0: PCI bridge to [bus 03-3a]
[  111.469000] pci 0000:02:00.0:   bridge window [mem 0xc4000000-0xda0fffff]
[  111.469003] pci 0000:02:00.0:   bridge window [mem 0xa0000000-0xc1ffffff 64bit pref]
[  111.469884] xhci_hcd 0000:3a:00.0: xHCI Host Controller
[  111.469889] xhci_hcd 0000:3a:00.0: new USB bus registered, assigned bus number 3
[  111.474532] xhci_hcd 0000:3a:00.0: hcc params 0x200077c1 hci version 0x110 quirks 0x0000000200009810
[  111.474743] usb usb3: New USB device found, idVendor=1d6b, idProduct=0002, bcdDevice= 5.00
[  111.474745] usb usb3: New USB device strings: Mfr=3, Product=2, SerialNumber=1
[  111.474746] usb usb3: Product: xHCI Host Controller
[  111.474747] usb usb3: Manufacturer: Linux 5.0.0-20-generic xhci-hcd
[  111.474748] usb usb3: SerialNumber: 0000:3a:00.0
[  111.474854] hub 3-0:1.0: USB hub found
[  111.474862] hub 3-0:1.0: 2 ports detected
[  111.474992] xhci_hcd 0000:3a:00.0: xHCI Host Controller
[  111.474995] xhci_hcd 0000:3a:00.0: new USB bus registered, assigned bus number 4
[  111.474997] xhci_hcd 0000:3a:00.0: Host supports USB 3.1 Enhanced SuperSpeed
[  111.475020] usb usb4: New USB device found, idVendor=1d6b, idProduct=0003, bcdDevice= 5.00
[  111.475021] usb usb4: New USB device strings: Mfr=3, Product=2, SerialNumber=1
[  111.475021] usb usb4: Product: xHCI Host Controller
[  111.475022] usb usb4: Manufacturer: Linux 5.0.0-20-generic xhci-hcd
[  111.475023] usb usb4: SerialNumber: 0000:3a:00.0
[  111.477654] hub 4-0:1.0: USB hub found
[  111.477662] hub 4-0:1.0: 2 ports detected
[  152.181723] pci_raw_set_power_state: 24 callbacks suppressed
[  152.181725] xhci_hcd 0000:3a:00.0: Refused to change power state, currently in D3
[  152.261433] xhci_hcd 0000:3a:00.0: Refused to change power state, currently in D3
[  152.261450] xhci_hcd 0000:3a:00.0: WARN: xHC restore state timeout
[  152.261451] xhci_hcd 0000:3a:00.0: PCI post-resume error -110!
[  152.261453] xhci_hcd 0000:3a:00.0: HC died; cleaning up
[  152.261474] xhci_hcd 0000:3a:00.0: remove, state 4
[  152.261479] usb usb4: USB disconnect, device number 1
[  152.261641] xhci_hcd 0000:3a:00.0: USB bus 4 deregistered
[  152.261647] xhci_hcd 0000:3a:00.0: remove, state 4
[  152.261650] usb usb3: USB disconnect, device number 1
[  152.261775] xhci_hcd 0000:3a:00.0: Host halt failed, -19
[  152.261777] xhci_hcd 0000:3a:00.0: Host not accessible, reset failed.
[  152.261839] xhci_hcd 0000:3a:00.0: USB bus 3 deregistered
[  152.801439] pci_bus 0000:03: Allocating resources
[  152.801507] pcieport 0000:03:01.0: bridge window [io  0x1000-0x0fff] to [bus 05-39] add_size 1000
[  152.801527] pcieport 0000:03:02.0: bridge window [io  0x1000-0x0fff] to [bus 3a] add_size 1000
[  152.801534] pcieport 0000:03:02.0: bridge window [mem 0x00100000-0x000fffff 64bit pref] to [bus 3a] add_size 200000 add_align 100000
[  152.801554] pcieport 0000:02:00.0: bridge window [io  0x1000-0x0fff] to [bus 03-3a] add_size 3000
[  152.801566] pcieport 0000:02:00.0: BAR 13: no space for [io  size 0x3000]
[  152.801569] pcieport 0000:02:00.0: BAR 13: failed to assign [io  size 0x3000]
[  152.801574] pcieport 0000:02:00.0: BAR 13: no space for [io  size 0x3000]
[  152.801578] pcieport 0000:02:00.0: BAR 13: failed to assign [io  size 0x3000]
[  152.801596] pcieport 0000:03:02.0: BAR 15: no space for [mem size 0x00200000 64bit pref]
[  152.801599] pcieport 0000:03:02.0: BAR 15: failed to assign [mem size 0x00200000 64bit pref]
[  152.801603] pcieport 0000:03:01.0: BAR 13: no space for [io  size 0x1000]
[  152.801607] pcieport 0000:03:01.0: BAR 13: failed to assign [io  size 0x1000]
[  152.801611] pcieport 0000:03:02.0: BAR 13: no space for [io  size 0x1000]
[  152.801614] pcieport 0000:03:02.0: BAR 13: failed to assign [io  size 0x1000]
[  152.801623] pcieport 0000:03:02.0: BAR 15: no space for [mem size 0x00200000 64bit pref]
[  152.801627] pcieport 0000:03:02.0: BAR 15: failed to assign [mem size 0x00200000 64bit pref]
[  152.801631] pcieport 0000:03:02.0: BAR 13: no space for [io  size 0x1000]
[  152.801634] pcieport 0000:03:02.0: BAR 13: failed to assign [io  size 0x1000]
[  152.801638] pcieport 0000:03:01.0: BAR 13: no space for [io  size 0x1000]
[  152.801641] pcieport 0000:03:01.0: BAR 13: failed to assign [io  size 0x1000]
[  157.876945] pcieport 0000:03:00.0: Refused to change power state, currently in D3
[  159.283941] pcieport 0000:03:00.0: Refused to change power state, currently in D3
[  159.284776] pci_bus 0000:04: busn_res: [bus 04] is released
[  159.285056] pci_bus 0000:05: busn_res: [bus 05-39] is released
[  159.285291] pci_bus 0000:3a: busn_res: [bus 3a] is released
[  159.285514] pci_bus 0000:03: busn_res: [bus 03-3a] is released
[ 1823.927291] PM: suspend entry (deep)
[ 1823.927293] PM: Syncing filesystems ... done.
[ 1823.931882] Freezing user space processes ... (elapsed 0.030 seconds) done.
[ 1823.962816] OOM killer disabled.
[ 1823.962817] Freezing remaining freezable tasks ... (elapsed 0.001 seconds) done.
[ 1823.964332] printk: Suspending console(s) (use no_console_suspend to debug)
[ 1824.071261] wlp1s0: deauthenticating from f0:af:85:c6:f8:47 by local choice (Reason: 3=DEAUTH_LEAVING)
[ 1824.515727] ACPI: EC: interrupt blocked
[ 1824.559211] ACPI: Preparing to enter system sleep state S3
[ 1824.561317] ACPI: EC: event blocked
[ 1824.561318] ACPI: EC: EC stopped
[ 1824.561320] PM: Saving platform NVS memory
[ 1824.561380] Disabling non-boot CPUs ...
[ 1824.563079] smpboot: CPU 1 is now offline
[ 1824.568187] IRQ 136: no longer affine to CPU2
[ 1824.570173] smpboot: CPU 2 is now offline
[ 1824.574550] IRQ 124: no longer affine to CPU3
[ 1824.575594] smpboot: CPU 3 is now offline
[ 1824.582970] ACPI: Low-level resume complete
[ 1824.583055] ACPI: EC: EC started
[ 1824.583055] PM: Restoring platform NVS memory
[ 1824.585350] Enabling non-boot CPUs ...
[ 1824.585402] x86: Booting SMP configuration:
[ 1824.585403] smpboot: Booting Node 0 Processor 1 APIC 0x2
[ 1824.587384]  cache: parent cpu1 should not be sleeping
[ 1824.587475] microcode: sig=0x806e9, pf=0x80, revision=0x84
[ 1824.588834] microcode: updated to revision 0xb4, date = 2019-04-01
[ 1824.588927] CPU1 is up
[ 1824.588975] smpboot: Booting Node 0 Processor 2 APIC 0x1
[ 1824.589539]  cache: parent cpu2 should not be sleeping
[ 1824.589624] microcode: sig=0x806e9, pf=0x80, revision=0xb4
[ 1824.589855] CPU2 is up
[ 1824.589905] smpboot: Booting Node 0 Processor 3 APIC 0x3
[ 1824.590424]  cache: parent cpu3 should not be sleeping
[ 1824.590597] CPU3 is up
[ 1824.594503] ACPI: Waking up from system sleep state S3
[ 1824.600024] ACPI: EC: interrupt unblocked
[ 1824.703804] ACPI: EC: event unblocked
[ 1824.703983] ACPI: button: The lid device is not compliant to SW_LID.
[ 1824.854164] nvme nvme0: 4/0/0 default/read/poll queues
[ 1824.913693] ath10k_pci 0000:01:00.0: unsupported HTC service id: 1536
[ 1824.944637] WARNING: CPU: 3 PID: 3316 at drivers/net/wireless/ath/ath10k/mac.c:5708 ath10k_bss_info_changed+0xe74/0xfb0 [ath10k_core]
[ 1824.944638] Modules linked in: thunderbolt rfcomm ccm cmac bnep nls_iso8859_1 arc4 snd_soc_skl snd_hda_codec_hdmi snd_soc_hdac_hda snd_hda_ext_core snd_soc_skl_ipc snd_soc_sst_ipc snd_soc_sst_dsp snd_soc_acpi_intel_match snd_soc_acpi snd_soc_core snd_compress ac97_bus snd_pcm_dmaengine snd_hda_codec_realtek snd_hda_codec_generic ledtrig_audio snd_hda_intel snd_hda_codec snd_hda_core snd_hwdep snd_pcm snd_seq_midi snd_seq_midi_event snd_rawmidi btusb btrtl intel_rapl btbcm snd_seq x86_pkg_temp_thermal btintel intel_powerclamp bluetooth coretemp uvcvideo kvm_intel snd_seq_device ath10k_pci intel_cstate snd_timer intel_rapl_perf ath10k_core razerkbd(OE) ath joydev input_leds serio_raw mac80211 intel_wmi_thunderbolt hid_multitouch snd ecdh_generic cfg80211 8250_dw intel_xhci_usb_role_switch roles mei_me soundcore mei idma64 virt_dma intel_pch_thermal mac_hid acpi_pad sch_fq_codel parport_pc ppdev lp parport ip_tables x_tables autofs4 algif_skcipher af_alg dm_crypt usbhid hid_rmi rmi_core
[ 1824.944661]  videobuf2_vmalloc videobuf2_memops videobuf2_v4l2 videobuf2_common videodev media hid_generic crct10dif_pclmul crc32_pclmul ghash_clmulni_intel i915 kvmgt vfio_mdev mdev vfio_iommu_type1 vfio kvm irqbypass aesni_intel nvme i2c_algo_bit drm_kms_helper aes_x86_64 crypto_simd cryptd glue_helper nvme_core syscopyarea psmouse sysfillrect sysimgblt fb_sys_fops i2c_hid intel_lpss_pci i2c_i801 intel_lpss drm hid wmi pinctrl_sunrisepoint video pinctrl_intel
[ 1824.944677] CPU: 3 PID: 3316 Comm: kworker/u8:5 Tainted: G           OE     5.0.0-20-generic #21-Ubuntu
[ 1824.944678] Hardware name: Razer Blade Stealth/Razer, BIOS 8.02 02/22/2018
[ 1824.944681] Workqueue: events_unbound async_run_entry_fn
[ 1824.944687] RIP: 0010:ath10k_bss_info_changed+0xe74/0xfb0 [ath10k_core]
[ 1824.944688] Code: 78 01 00 00 89 c1 89 f2 4c 89 d7 48 c7 c6 88 fe a3 c0 4c 89 4d a0 89 45 a8 e8 28 38 00 00 8b 45 a8 4c 8b 4d a0 e9 21 f8 ff ff <0f> 0b e9 93 f4 ff ff 8b b3 78 01 00 00 89 f2 89 c1 48 c7 c6 48 fe
[ 1824.944689] RSP: 0000:ffffaa4082fb7c90 EFLAGS: 00010246
[ 1824.944690] RAX: 0000000000000000 RBX: ffff90a7dbf63458 RCX: 0000000000000000
[ 1824.944691] RDX: ffff90a7e5981938 RSI: 0000000000000212 RDI: 0000000000000212
[ 1824.944691] RBP: ffffaa4082fb7d00 R08: 0000000000200000 R09: 0000000000000000
[ 1824.944692] R10: 000000000000001f R11: ffff90a789882a00 R12: 00000000030674ff
[ 1824.944692] R13: ffff90a7dbf63460 R14: ffff90a7e59815a0 R15: ffff90a7e59815a0
[ 1824.944693] FS:  0000000000000000(0000) GS:ffff90a7eeb80000(0000) knlGS:0000000000000000
[ 1824.944694] CS:  0010 DS: 0000 ES: 0000 CR0: 0000000080050033
[ 1824.944694] CR2: 0000000000000000 CR3: 0000000464c0e001 CR4: 00000000003606e0
[ 1824.944695] Call Trace:
[ 1824.944702]  ? ath10k_conf_tx+0x80/0x4a0 [ath10k_core]
[ 1824.944719]  ieee80211_bss_info_change_notify+0xb3/0x1a0 [mac80211]
[ 1824.944733]  ieee80211_reconfig+0x655/0x1170 [mac80211]
[ 1824.944745]  ieee80211_resume+0x55/0x70 [mac80211]
[ 1824.944761]  wiphy_resume+0x84/0x130 [cfg80211]
[ 1824.944771]  ? index_show+0x30/0x30 [cfg80211]
[ 1824.944773]  dpm_run_callback+0x66/0x150
[ 1824.944774]  device_resume+0xb4/0x200
[ 1824.944775]  async_resume+0x1d/0x30
[ 1824.944776]  async_run_entry_fn+0x3c/0x150
[ 1824.944778]  process_one_work+0x20f/0x410
[ 1824.944779]  worker_thread+0x34/0x400
[ 1824.944781]  kthread+0x120/0x140
[ 1824.944782]  ? process_one_work+0x410/0x410
[ 1824.944783]  ? __kthread_parkme+0x70/0x70
[ 1824.944785]  ret_from_fork+0x35/0x40
[ 1824.944786] ---[ end trace 8493a24ec0c749a8 ]---
[ 1824.944805] WARNING: CPU: 3 PID: 3316 at drivers/net/wireless/ath/ath10k/mac.c:5746 ath10k_bss_info_changed+0xdca/0xfb0 [ath10k_core]
[ 1824.944805] Modules linked in: thunderbolt rfcomm ccm cmac bnep nls_iso8859_1 arc4 snd_soc_skl snd_hda_codec_hdmi snd_soc_hdac_hda snd_hda_ext_core snd_soc_skl_ipc snd_soc_sst_ipc snd_soc_sst_dsp snd_soc_acpi_intel_match snd_soc_acpi snd_soc_core snd_compress ac97_bus snd_pcm_dmaengine snd_hda_codec_realtek snd_hda_codec_generic ledtrig_audio snd_hda_intel snd_hda_codec snd_hda_core snd_hwdep snd_pcm snd_seq_midi snd_seq_midi_event snd_rawmidi btusb btrtl intel_rapl btbcm snd_seq x86_pkg_temp_thermal btintel intel_powerclamp bluetooth coretemp uvcvideo kvm_intel snd_seq_device ath10k_pci intel_cstate snd_timer intel_rapl_perf ath10k_core razerkbd(OE) ath joydev input_leds serio_raw mac80211 intel_wmi_thunderbolt hid_multitouch snd ecdh_generic cfg80211 8250_dw intel_xhci_usb_role_switch roles mei_me soundcore mei idma64 virt_dma intel_pch_thermal mac_hid acpi_pad sch_fq_codel parport_pc ppdev lp parport ip_tables x_tables autofs4 algif_skcipher af_alg dm_crypt usbhid hid_rmi rmi_core
[ 1824.944819]  videobuf2_vmalloc videobuf2_memops videobuf2_v4l2 videobuf2_common videodev media hid_generic crct10dif_pclmul crc32_pclmul ghash_clmulni_intel i915 kvmgt vfio_mdev mdev vfio_iommu_type1 vfio kvm irqbypass aesni_intel nvme i2c_algo_bit drm_kms_helper aes_x86_64 crypto_simd cryptd glue_helper nvme_core syscopyarea psmouse sysfillrect sysimgblt fb_sys_fops i2c_hid intel_lpss_pci i2c_i801 intel_lpss drm hid wmi pinctrl_sunrisepoint video pinctrl_intel
[ 1824.944827] CPU: 3 PID: 3316 Comm: kworker/u8:5 Tainted: G        W  OE     5.0.0-20-generic #21-Ubuntu
[ 1824.944827] Hardware name: Razer Blade Stealth/Razer, BIOS 8.02 02/22/2018
[ 1824.944829] Workqueue: events_unbound async_run_entry_fn
[ 1824.944834] RIP: 0010:ath10k_bss_info_changed+0xdca/0xfb0 [ath10k_core]
[ 1824.944835] Code: b1 f2 ff ff 8b 93 78 01 00 00 89 c1 48 c7 c6 b8 f2 a3 c0 4c 89 f7 e8 d5 38 00 00 e9 65 fb ff ff b8 40 00 00 00 e9 b3 f5 ff ff <0f> 0b 48 8b 7d b0 e8 1b a3 a2 e7 e9 1a f6 ff ff b8 40 00 00 00 e9
[ 1824.944835] RSP: 0000:ffffaa4082fb7c90 EFLAGS: 00010246
[ 1824.944836] RAX: 0000000000000000 RBX: ffff90a7dbf63458 RCX: 0000000000000000
[ 1824.944836] RDX: 0000000000000000 RSI: 0000000000000212 RDI: 0000000000000212
[ 1824.944837] RBP: ffffaa4082fb7d00 R08: 0000000000200000 R09: 0000000000000000
[ 1824.944838] R10: 000000000000001f R11: ffff90a789882a00 R12: 0000000000000020
[ 1824.944838] R13: ffff90a7dbf63460 R14: ffff90a7e59815a0 R15: ffff90a7e59815a0
[ 1824.944839] FS:  0000000000000000(0000) GS:ffff90a7eeb80000(0000) knlGS:0000000000000000
[ 1824.944839] CS:  0010 DS: 0000 ES: 0000 CR0: 0000000080050033
[ 1824.944840] CR2: 0000000000000000 CR3: 0000000464c0e001 CR4: 00000000003606e0
[ 1824.944840] Call Trace:
[ 1824.944845]  ? ath10k_conf_tx+0x80/0x4a0 [ath10k_core]
[ 1824.944859]  ieee80211_bss_info_change_notify+0xb3/0x1a0 [mac80211]
[ 1824.944871]  ieee80211_reconfig+0x655/0x1170 [mac80211]
[ 1824.944883]  ieee80211_resume+0x55/0x70 [mac80211]
[ 1824.944894]  wiphy_resume+0x84/0x130 [cfg80211]
[ 1824.944903]  ? index_show+0x30/0x30 [cfg80211]
[ 1824.944904]  dpm_run_callback+0x66/0x150
[ 1824.944905]  device_resume+0xb4/0x200
[ 1824.944906]  async_resume+0x1d/0x30
[ 1824.944907]  async_run_entry_fn+0x3c/0x150
[ 1824.944908]  process_one_work+0x20f/0x410
[ 1824.944909]  worker_thread+0x34/0x400
[ 1824.944911]  kthread+0x120/0x140
[ 1824.944912]  ? process_one_work+0x410/0x410
[ 1824.944913]  ? __kthread_parkme+0x70/0x70
[ 1824.944914]  ret_from_fork+0x35/0x40
[ 1824.944915] ---[ end trace 8493a24ec0c749a9 ]---
[ 1824.950481] usb 1-6: reset full-speed USB device number 2 using xhci_hcd
[ 1825.226493] usb 1-9: reset full-speed USB device number 5 using xhci_hcd
[ 1825.503216] usb 1-7: reset high-speed USB device number 3 using xhci_hcd
[ 1825.724299] acpi LNXPOWER:13: Turning OFF
[ 1825.724532] acpi LNXPOWER:12: Turning OFF
[ 1825.724759] acpi LNXPOWER:11: Turning OFF
[ 1825.724987] acpi LNXPOWER:10: Turning OFF
[ 1825.725213] acpi LNXPOWER:0f: Turning OFF
[ 1825.725438] acpi LNXPOWER:0e: Turning OFF
[ 1825.725663] acpi LNXPOWER:0d: Turning OFF
[ 1825.725889] acpi LNXPOWER:0c: Turning OFF
[ 1825.726112] acpi LNXPOWER:0b: Turning OFF
[ 1825.726430] acpi LNXPOWER:0a: Turning OFF
[ 1825.726657] acpi LNXPOWER:09: Turning OFF
[ 1825.726881] acpi LNXPOWER:08: Turning OFF
[ 1825.727105] acpi LNXPOWER:07: Turning OFF
[ 1825.727328] acpi LNXPOWER:06: Turning OFF
[ 1825.727551] acpi LNXPOWER:05: Turning OFF
[ 1825.727775] acpi LNXPOWER:04: Turning OFF
[ 1825.727999] acpi LNXPOWER:03: Turning OFF
[ 1825.728222] acpi LNXPOWER:02: Turning OFF
[ 1825.728348] acpi LNXPOWER:01: Turning OFF
[ 1825.728409] acpi LNXPOWER:00: Turning OFF
[ 1825.728450] OOM killer enabled.
[ 1825.728451] Restarting tasks ... done.
[ 1825.918174] PM: suspend exit
[ 1826.006406] Bluetooth: hci0: using rampatch file: qca/rampatch_usb_00000302.bin
[ 1826.006412] Bluetooth: hci0: QCA: patch rome 0x302 build 0x3e8, firmware rome 0x302 build 0x111
[ 1826.060881] Bluetooth: hci0: using NVM file: qca/nvm_usb_00000302.bin
[ 1831.247498] wlp1s0: authenticate with f0:af:85:c6:f8:47
[ 1831.279617] wlp1s0: send auth to f0:af:85:c6:f8:47 (try 1/3)
[ 1831.281357] wlp1s0: authenticated
[ 1831.286095] wlp1s0: associate with f0:af:85:c6:f8:47 (try 1/3)
[ 1831.292978] wlp1s0: RX AssocResp from f0:af:85:c6:f8:47 (capab=0x11 status=0 aid=1)
[ 1831.295645] wlp1s0: associated
[ 1831.324127] IPv6: ADDRCONF(NETDEV_CHANGE): wlp1s0: link becomes ready
[ 1853.985871] PM: suspend entry (deep)
[ 1853.985873] PM: Syncing filesystems ... done.
[ 1853.993201] Freezing user space processes ... (elapsed 0.248 seconds) done.
[ 1854.241551] OOM killer disabled.
[ 1854.241553] Freezing remaining freezable tasks ... (elapsed 0.001 seconds) done.
[ 1854.243294] printk: Suspending console(s) (use no_console_suspend to debug)
[ 1854.350085] wlp1s0: deauthenticating from f0:af:85:c6:f8:47 by local choice (Reason: 3=DEAUTH_LEAVING)
[ 1855.174787] ACPI: EC: interrupt blocked
[ 1855.217999] ACPI: Preparing to enter system sleep state S3
[ 1855.220291] ACPI: EC: event blocked
[ 1855.220292] ACPI: EC: EC stopped
[ 1855.220294] PM: Saving platform NVS memory
[ 1855.220359] Disabling non-boot CPUs ...
[ 1855.221989] smpboot: CPU 1 is now offline
[ 1855.224812] IRQ 124: no longer affine to CPU2
[ 1855.225885] smpboot: CPU 2 is now offline
[ 1855.228522] IRQ 136: no longer affine to CPU3
[ 1855.229557] smpboot: CPU 3 is now offline
[ 1855.235084] ACPI: Low-level resume complete
[ 1855.235168] ACPI: EC: EC started
[ 1855.235169] PM: Restoring platform NVS memory
[ 1855.237464] Enabling non-boot CPUs ...
[ 1855.237552] x86: Booting SMP configuration:
[ 1855.237552] smpboot: Booting Node 0 Processor 1 APIC 0x2
[ 1855.238131]  cache: parent cpu1 should not be sleeping
[ 1855.238223] microcode: sig=0x806e9, pf=0x80, revision=0x84
[ 1855.239677] CPU1 is up
[ 1855.239719] smpboot: Booting Node 0 Processor 2 APIC 0x1
[ 1855.240306]  cache: parent cpu2 should not be sleeping
[ 1855.240394] microcode: sig=0x806e9, pf=0x80, revision=0xb4
[ 1855.240627] CPU2 is up
[ 1855.240655] smpboot: Booting Node 0 Processor 3 APIC 0x3
[ 1855.241176]  cache: parent cpu3 should not be sleeping
[ 1855.241347] CPU3 is up
[ 1855.245254] ACPI: Waking up from system sleep state S3
[ 1855.250764] ACPI: EC: interrupt unblocked
[ 1855.354380] ACPI: EC: event unblocked
[ 1855.507691] nvme nvme0: 4/0/0 default/read/poll queues
[ 1855.556415] ath10k_pci 0000:01:00.0: unsupported HTC service id: 1536
[ 1855.587096] WARNING: CPU: 1 PID: 3357 at drivers/net/wireless/ath/ath10k/mac.c:5708 ath10k_bss_info_changed+0xe74/0xfb0 [ath10k_core]
[ 1855.587097] Modules linked in: thunderbolt rfcomm ccm cmac bnep nls_iso8859_1 arc4 snd_soc_skl snd_hda_codec_hdmi snd_soc_hdac_hda snd_hda_ext_core snd_soc_skl_ipc snd_soc_sst_ipc snd_soc_sst_dsp snd_soc_acpi_intel_match snd_soc_acpi snd_soc_core snd_compress ac97_bus snd_pcm_dmaengine snd_hda_codec_realtek snd_hda_codec_generic ledtrig_audio snd_hda_intel snd_hda_codec snd_hda_core snd_hwdep snd_pcm snd_seq_midi snd_seq_midi_event snd_rawmidi btusb btrtl intel_rapl btbcm snd_seq x86_pkg_temp_thermal btintel intel_powerclamp bluetooth coretemp uvcvideo kvm_intel snd_seq_device ath10k_pci intel_cstate snd_timer intel_rapl_perf ath10k_core razerkbd(OE) ath joydev input_leds serio_raw mac80211 intel_wmi_thunderbolt hid_multitouch snd ecdh_generic cfg80211 8250_dw intel_xhci_usb_role_switch roles mei_me soundcore mei idma64 virt_dma intel_pch_thermal mac_hid acpi_pad sch_fq_codel parport_pc ppdev lp parport ip_tables x_tables autofs4 algif_skcipher af_alg dm_crypt usbhid hid_rmi rmi_core
[ 1855.587120]  videobuf2_vmalloc videobuf2_memops videobuf2_v4l2 videobuf2_common videodev media hid_generic crct10dif_pclmul crc32_pclmul ghash_clmulni_intel i915 kvmgt vfio_mdev mdev vfio_iommu_type1 vfio kvm irqbypass aesni_intel nvme i2c_algo_bit drm_kms_helper aes_x86_64 crypto_simd cryptd glue_helper nvme_core syscopyarea psmouse sysfillrect sysimgblt fb_sys_fops i2c_hid intel_lpss_pci i2c_i801 intel_lpss drm hid wmi pinctrl_sunrisepoint video pinctrl_intel
[ 1855.587136] CPU: 1 PID: 3357 Comm: kworker/u8:44 Tainted: G        W  OE     5.0.0-20-generic #21-Ubuntu
[ 1855.587136] Hardware name: Razer Blade Stealth/Razer, BIOS 8.02 02/22/2018
[ 1855.587140] Workqueue: events_unbound async_run_entry_fn
[ 1855.587146] RIP: 0010:ath10k_bss_info_changed+0xe74/0xfb0 [ath10k_core]
[ 1855.587147] Code: 78 01 00 00 89 c1 89 f2 4c 89 d7 48 c7 c6 88 fe a3 c0 4c 89 4d a0 89 45 a8 e8 28 38 00 00 8b 45 a8 4c 8b 4d a0 e9 21 f8 ff ff <0f> 0b e9 93 f4 ff ff 8b b3 78 01 00 00 89 f2 89 c1 48 c7 c6 48 fe
[ 1855.587148] RSP: 0000:ffffaa408453fc90 EFLAGS: 00010246
[ 1855.587149] RAX: 0000000000000000 RBX: ffff90a7dbf63458 RCX: 0000000000000000
[ 1855.587149] RDX: 0000000000000000 RSI: 00000000fffffe01 RDI: ffffffffc0a85ab8
[ 1855.587150] RBP: ffffaa408453fd00 R08: 0000000000200000 R09: 0000000000000000
[ 1855.587150] R10: 000000000000001f R11: ffff90a7e2198300 R12: 00000000030674ff
[ 1855.587151] R13: ffff90a7dbf63460 R14: ffff90a7e59815a0 R15: ffff90a7e59815a0
[ 1855.587152] FS:  0000000000000000(0000) GS:ffff90a7eea80000(0000) knlGS:0000000000000000
[ 1855.587153] CS:  0010 DS: 0000 ES: 0000 CR0: 0000000080050033
[ 1855.587153] CR2: 0000000000000000 CR3: 0000000464c0e001 CR4: 00000000003606e0
[ 1855.587154] Call Trace:
[ 1855.587161]  ? ath10k_conf_tx+0x80/0x4a0 [ath10k_core]
[ 1855.587178]  ieee80211_bss_info_change_notify+0xb3/0x1a0 [mac80211]
[ 1855.587192]  ieee80211_reconfig+0x655/0x1170 [mac80211]
[ 1855.587204]  ieee80211_resume+0x55/0x70 [mac80211]
[ 1855.587220]  wiphy_resume+0x84/0x130 [cfg80211]
[ 1855.587230]  ? index_show+0x30/0x30 [cfg80211]
[ 1855.587232]  dpm_run_callback+0x66/0x150
[ 1855.587233]  device_resume+0xb4/0x200
[ 1855.587234]  async_resume+0x1d/0x30
[ 1855.587235]  async_run_entry_fn+0x3c/0x150
[ 1855.587237]  process_one_work+0x20f/0x410
[ 1855.587238]  worker_thread+0x34/0x400
[ 1855.587239]  kthread+0x120/0x140
[ 1855.587240]  ? process_one_work+0x410/0x410
[ 1855.587242]  ? __kthread_parkme+0x70/0x70
[ 1855.587243]  ret_from_fork+0x35/0x40
[ 1855.587245] ---[ end trace 8493a24ec0c749aa ]---
[ 1855.587264] WARNING: CPU: 1 PID: 3357 at drivers/net/wireless/ath/ath10k/mac.c:5746 ath10k_bss_info_changed+0xdca/0xfb0 [ath10k_core]
[ 1855.587264] Modules linked in: thunderbolt rfcomm ccm cmac bnep nls_iso8859_1 arc4 snd_soc_skl snd_hda_codec_hdmi snd_soc_hdac_hda snd_hda_ext_core snd_soc_skl_ipc snd_soc_sst_ipc snd_soc_sst_dsp snd_soc_acpi_intel_match snd_soc_acpi snd_soc_core snd_compress ac97_bus snd_pcm_dmaengine snd_hda_codec_realtek snd_hda_codec_generic ledtrig_audio snd_hda_intel snd_hda_codec snd_hda_core snd_hwdep snd_pcm snd_seq_midi snd_seq_midi_event snd_rawmidi btusb btrtl intel_rapl btbcm snd_seq x86_pkg_temp_thermal btintel intel_powerclamp bluetooth coretemp uvcvideo kvm_intel snd_seq_device ath10k_pci intel_cstate snd_timer intel_rapl_perf ath10k_core razerkbd(OE) ath joydev input_leds serio_raw mac80211 intel_wmi_thunderbolt hid_multitouch snd ecdh_generic cfg80211 8250_dw intel_xhci_usb_role_switch roles mei_me soundcore mei idma64 virt_dma intel_pch_thermal mac_hid acpi_pad sch_fq_codel parport_pc ppdev lp parport ip_tables x_tables autofs4 algif_skcipher af_alg dm_crypt usbhid hid_rmi rmi_core
[ 1855.587279]  videobuf2_vmalloc videobuf2_memops videobuf2_v4l2 videobuf2_common videodev media hid_generic crct10dif_pclmul crc32_pclmul ghash_clmulni_intel i915 kvmgt vfio_mdev mdev vfio_iommu_type1 vfio kvm irqbypass aesni_intel nvme i2c_algo_bit drm_kms_helper aes_x86_64 crypto_simd cryptd glue_helper nvme_core syscopyarea psmouse sysfillrect sysimgblt fb_sys_fops i2c_hid intel_lpss_pci i2c_i801 intel_lpss drm hid wmi pinctrl_sunrisepoint video pinctrl_intel
[ 1855.587286] CPU: 1 PID: 3357 Comm: kworker/u8:44 Tainted: G        W  OE     5.0.0-20-generic #21-Ubuntu
[ 1855.587287] Hardware name: Razer Blade Stealth/Razer, BIOS 8.02 02/22/2018
[ 1855.587288] Workqueue: events_unbound async_run_entry_fn
[ 1855.587293] RIP: 0010:ath10k_bss_info_changed+0xdca/0xfb0 [ath10k_core]
[ 1855.587294] Code: b1 f2 ff ff 8b 93 78 01 00 00 89 c1 48 c7 c6 b8 f2 a3 c0 4c 89 f7 e8 d5 38 00 00 e9 65 fb ff ff b8 40 00 00 00 e9 b3 f5 ff ff <0f> 0b 48 8b 7d b0 e8 1b a3 a2 e7 e9 1a f6 ff ff b8 40 00 00 00 e9
[ 1855.587295] RSP: 0000:ffffaa408453fc90 EFLAGS: 00010246
[ 1855.587295] RAX: 0000000000000000 RBX: ffff90a7dbf63458 RCX: 0000000000000000
[ 1855.587296] RDX: 0000000000000000 RSI: 00000000fffffe01 RDI: ffffffffc0a85ab8
[ 1855.587296] RBP: ffffaa408453fd00 R08: 0000000000200000 R09: 0000000000000000
[ 1855.587297] R10: 000000000000001f R11: ffff90a7e2198300 R12: 0000000000000020
[ 1855.587297] R13: ffff90a7dbf63460 R14: ffff90a7e59815a0 R15: ffff90a7e59815a0
[ 1855.587298] FS:  0000000000000000(0000) GS:ffff90a7eea80000(0000) knlGS:0000000000000000
[ 1855.587299] CS:  0010 DS: 0000 ES: 0000 CR0: 0000000080050033
[ 1855.587299] CR2: 0000000000000000 CR3: 0000000464c0e001 CR4: 00000000003606e0
[ 1855.587300] Call Trace:
[ 1855.587305]  ? ath10k_conf_tx+0x80/0x4a0 [ath10k_core]
[ 1855.587318]  ieee80211_bss_info_change_notify+0xb3/0x1a0 [mac80211]
[ 1855.587330]  ieee80211_reconfig+0x655/0x1170 [mac80211]
[ 1855.587342]  ieee80211_resume+0x55/0x70 [mac80211]
[ 1855.587353]  wiphy_resume+0x84/0x130 [cfg80211]
[ 1855.587363]  ? index_show+0x30/0x30 [cfg80211]
[ 1855.587364]  dpm_run_callback+0x66/0x150
[ 1855.587365]  device_resume+0xb4/0x200
[ 1855.587366]  async_resume+0x1d/0x30
[ 1855.587367]  async_run_entry_fn+0x3c/0x150
[ 1855.587368]  process_one_work+0x20f/0x410
[ 1855.587369]  worker_thread+0x34/0x400
[ 1855.587371]  kthread+0x120/0x140
[ 1855.587372]  ? process_one_work+0x410/0x410
[ 1855.587373]  ? __kthread_parkme+0x70/0x70
[ 1855.587374]  ret_from_fork+0x35/0x40
[ 1855.587375] ---[ end trace 8493a24ec0c749ab ]---
[ 1855.601163] usb 1-6: reset full-speed USB device number 2 using xhci_hcd
[ 1855.877259] usb 1-7: reset high-speed USB device number 3 using xhci_hcd
[ 1856.153791] usb 1-9: reset full-speed USB device number 5 using xhci_hcd
[ 1856.312737] acpi LNXPOWER:13: Turning OFF
[ 1856.313017] acpi LNXPOWER:12: Turning OFF
[ 1856.313222] acpi LNXPOWER:11: Turning OFF
[ 1856.313424] acpi LNXPOWER:10: Turning OFF
[ 1856.313624] acpi LNXPOWER:0f: Turning OFF
[ 1856.313822] acpi LNXPOWER:0e: Turning OFF
[ 1856.314019] acpi LNXPOWER:0d: Turning OFF
[ 1856.314218] acpi LNXPOWER:0c: Turning OFF
[ 1856.314415] acpi LNXPOWER:0b: Turning OFF
[ 1856.314612] acpi LNXPOWER:0a: Turning OFF
[ 1856.314759] acpi LNXPOWER:09: Turning OFF
[ 1856.314812] acpi LNXPOWER:08: Turning OFF
[ 1856.314864] acpi LNXPOWER:07: Turning OFF
[ 1856.314917] acpi LNXPOWER:06: Turning OFF
[ 1856.314970] acpi LNXPOWER:05: Turning OFF
[ 1856.315023] acpi LNXPOWER:04: Turning OFF
[ 1856.315075] acpi LNXPOWER:03: Turning OFF
[ 1856.315128] acpi LNXPOWER:02: Turning OFF
[ 1856.315180] acpi LNXPOWER:01: Turning OFF
[ 1856.315232] acpi LNXPOWER:00: Turning OFF
[ 1856.315267] OOM killer enabled.
[ 1856.315268] Restarting tasks ... done.
[ 1856.437018] PM: suspend exit
[ 1856.470117] input: AT Raw Set 2 keyboard as /devices/platform/i8042/serio0/input/input44
[ 1856.517254] Bluetooth: hci0: using rampatch file: qca/rampatch_usb_00000302.bin
[ 1856.517258] Bluetooth: hci0: QCA: patch rome 0x302 build 0x3e8, firmware rome 0x302 build 0x111
[ 1856.571561] Bluetooth: hci0: using NVM file: qca/nvm_usb_00000302.bin
[ 1861.717890] wlp1s0: authenticate with f0:af:85:c6:f8:47
[ 1861.753648] wlp1s0: send auth to f0:af:85:c6:f8:47 (try 1/3)
[ 1861.755593] wlp1s0: authenticated
[ 1861.756743] wlp1s0: associate with f0:af:85:c6:f8:47 (try 1/3)
[ 1861.762113] wlp1s0: RX AssocResp from f0:af:85:c6:f8:47 (capab=0x11 status=0 aid=1)
[ 1861.764438] wlp1s0: associated
[ 1861.785498] IPv6: ADDRCONF(NETDEV_CHANGE): wlp1s0: link becomes ready
[ 2031.128805] PM: suspend entry (deep)
[ 2031.128807] PM: Syncing filesystems ... done.
[ 2031.133533] Freezing user space processes ... (elapsed 0.002 seconds) done.
[ 2031.136049] OOM killer disabled.
[ 2031.136050] Freezing remaining freezable tasks ... (elapsed 0.001 seconds) done.
[ 2031.137501] printk: Suspending console(s) (use no_console_suspend to debug)
[ 2031.447510] wlp1s0: deauthenticating from f0:af:85:c6:f8:47 by local choice (Reason: 3=DEAUTH_LEAVING)
[ 2031.803862] ACPI: EC: interrupt blocked
[ 2031.847386] ACPI: Preparing to enter system sleep state S3
[ 2031.849931] ACPI: EC: event blocked
[ 2031.849932] ACPI: EC: EC stopped
[ 2031.849933] PM: Saving platform NVS memory
[ 2031.850004] Disabling non-boot CPUs ...
[ 2031.851713] smpboot: CPU 1 is now offline
[ 2031.855788] IRQ 124: no longer affine to CPU2
[ 2031.857753] smpboot: CPU 2 is now offline
[ 2031.860431] IRQ 136: no longer affine to CPU3
[ 2031.861456] smpboot: CPU 3 is now offline
[ 2031.867061] ACPI: Low-level resume complete
[ 2031.867146] ACPI: EC: EC started
[ 2031.867147] PM: Restoring platform NVS memory
[ 2031.869430] Enabling non-boot CPUs ...
[ 2031.869479] x86: Booting SMP configuration:
[ 2031.869480] smpboot: Booting Node 0 Processor 1 APIC 0x2
[ 2031.870057]  cache: parent cpu1 should not be sleeping
[ 2031.870149] microcode: sig=0x806e9, pf=0x80, revision=0x84
[ 2031.871606] CPU1 is up
[ 2031.871644] smpboot: Booting Node 0 Processor 2 APIC 0x1
[ 2031.872223]  cache: parent cpu2 should not be sleeping
[ 2031.872308] microcode: sig=0x806e9, pf=0x80, revision=0xb4
[ 2031.872541] CPU2 is up
[ 2031.872588] smpboot: Booting Node 0 Processor 3 APIC 0x3
[ 2031.873099]  cache: parent cpu3 should not be sleeping
[ 2031.873275] CPU3 is up
[ 2031.877198] ACPI: Waking up from system sleep state S3
[ 2031.882718] ACPI: EC: interrupt unblocked
[ 2031.987410] ACPI: EC: event unblocked
[ 2032.141658] nvme nvme0: 4/0/0 default/read/poll queues
[ 2032.193311] ath10k_pci 0000:01:00.0: unsupported HTC service id: 1536
[ 2032.223954] WARNING: CPU: 1 PID: 3325 at drivers/net/wireless/ath/ath10k/mac.c:5708 ath10k_bss_info_changed+0xe74/0xfb0 [ath10k_core]
[ 2032.223955] Modules linked in: thunderbolt rfcomm ccm cmac bnep nls_iso8859_1 arc4 snd_soc_skl snd_hda_codec_hdmi snd_soc_hdac_hda snd_hda_ext_core snd_soc_skl_ipc snd_soc_sst_ipc snd_soc_sst_dsp snd_soc_acpi_intel_match snd_soc_acpi snd_soc_core snd_compress ac97_bus snd_pcm_dmaengine snd_hda_codec_realtek snd_hda_codec_generic ledtrig_audio snd_hda_intel snd_hda_codec snd_hda_core snd_hwdep snd_pcm snd_seq_midi snd_seq_midi_event snd_rawmidi btusb btrtl intel_rapl btbcm snd_seq x86_pkg_temp_thermal btintel intel_powerclamp bluetooth coretemp uvcvideo kvm_intel snd_seq_device ath10k_pci intel_cstate snd_timer intel_rapl_perf ath10k_core razerkbd(OE) ath joydev input_leds serio_raw mac80211 intel_wmi_thunderbolt hid_multitouch snd ecdh_generic cfg80211 8250_dw intel_xhci_usb_role_switch roles mei_me soundcore mei idma64 virt_dma intel_pch_thermal mac_hid acpi_pad sch_fq_codel parport_pc ppdev lp parport ip_tables x_tables autofs4 algif_skcipher af_alg dm_crypt usbhid hid_rmi rmi_core
[ 2032.223978]  videobuf2_vmalloc videobuf2_memops videobuf2_v4l2 videobuf2_common videodev media hid_generic crct10dif_pclmul crc32_pclmul ghash_clmulni_intel i915 kvmgt vfio_mdev mdev vfio_iommu_type1 vfio kvm irqbypass aesni_intel nvme i2c_algo_bit drm_kms_helper aes_x86_64 crypto_simd cryptd glue_helper nvme_core syscopyarea psmouse sysfillrect sysimgblt fb_sys_fops i2c_hid intel_lpss_pci i2c_i801 intel_lpss drm hid wmi pinctrl_sunrisepoint video pinctrl_intel
[ 2032.223994] CPU: 1 PID: 3325 Comm: kworker/u8:12 Tainted: G        W  OE     5.0.0-20-generic #21-Ubuntu
[ 2032.223995] Hardware name: Razer Blade Stealth/Razer, BIOS 8.02 02/22/2018
[ 2032.223998] Workqueue: events_unbound async_run_entry_fn
[ 2032.224005] RIP: 0010:ath10k_bss_info_changed+0xe74/0xfb0 [ath10k_core]
[ 2032.224006] Code: 78 01 00 00 89 c1 89 f2 4c 89 d7 48 c7 c6 88 fe a3 c0 4c 89 4d a0 89 45 a8 e8 28 38 00 00 8b 45 a8 4c 8b 4d a0 e9 21 f8 ff ff <0f> 0b e9 93 f4 ff ff 8b b3 78 01 00 00 89 f2 89 c1 48 c7 c6 48 fe
[ 2032.224007] RSP: 0000:ffffaa4084067c90 EFLAGS: 00010246
[ 2032.224008] RAX: 0000000000000000 RBX: ffff90a7dbf63458 RCX: 0000000000000000
[ 2032.224008] RDX: 0000000000000000 RSI: 00000000fffffe01 RDI: ffffffffc0a85ab8
[ 2032.224009] RBP: ffffaa4084067d00 R08: 0000000000200000 R09: 0000000000000000
[ 2032.224009] R10: 000000000000001f R11: ffff90a7bb127f00 R12: 00000000030674ff
